server start
connected
new device connection MSG >>> #L#359633109072822;NA
device connected. Device id > 359633109072822
connected
new device connection MSG >>> #L#359633107878535;NA
device connected. Device id > 359633107878535
{'359633109072822': {'D': [{'date': '201221', 'time': '120148', 'lat1': '6729.8794', 'lat2': 'N', 'lon1': '06342.0865', 'lon2': 'E', 'speed': '0', 'course': '37', 'height': '205', 'sats': '22', 'hdop': 'NA', 'inputs': 'NA', 'outputs': 'NA', 'adc': 'NA', 'ibutton': 'NA', 'params': [['151', '1', '39'], ['150', '1', '11'], ['153', '1', '0'], ['152', '1', '10895'], ['200', '1', '0'], ['67', '1', '10148'], ['238', '1', '64477'], ['239', '1', '1'], ['66', '1', '23526'], ['178', '1', '1'], ['68', '1', '49'], ['236', '1', '65480'], ['237', '1', '65475'], ['24', '1', '0'], ['21', '1', '5'], ['22', '1', '0'], ['182', '2', '0.5'], ['181', '2', '1.0'], ['146', '1', '5556'], ['147', '1', '12244'], ['144', '1', '1'], ['145', '1', '5965'], ['206', '1', '1513'], ['148', '1', '12682'], ['149', '1', '6547'], ['380', '1', '1'], ['383', '1', '25'], ['384', '1', '27'], ['240', '1', '0'], ['71', '1', '3'], ['70', '2', '31.1'], ['72', '2', '6549.0']]}], 'SD': [], 'B': [], 'M': [], 'I': []}, '359633107878535': {'D': [{'date': '201221', 'time': '120207', 'lat1': '6729.8976', 'lat2': 'N', 'lon1': '06342.1000', 'lon2': 'E', 'speed': '0', 'course': '347', 'height': '210', 'sats': '20', 'hdop': 'NA', 'inputs': 'NA', 'outputs': 'NA', 'adc': 'NA', 'ibutton': 'NA', 'params': [['151', '1', '44'], ['150', '1', '0'], ['153', '1', '8'], ['152', '1', '10547'], ['200', '1', '0'], ['67', '1', '9630'], ['238', '1', '64526'], ['239', '1', '1'], ['66', '1', '23487'], ['178', '1', '1'], ['68', '1', '0'], ['236', '1', '65479'], ['237', '1', '29'], ['24', '1', '0'], ['21', '1', '5'], ['22', '1', '1'], ['182', '2', '0.5'], ['181', '2', '0.9'], ['146', '1', '6176'], ['147', '1', '12098'], ['144', '1', '1'], ['145', '1', '5931'], ['206', '1', '1513'], ['148', '1', '0'], ['149', '1', '6426'], ['380', '1', '1'], ['383', '1', '29'], ['384', '1', '26'], ['240', '1', '1'], ['71', '1', '3'], ['70', '2', '32.3'], ['72', '2', '6551.3']]}], 'SD': [], 'B': [], 'M': [], 'I': []}}
{'359633109072822': {'D': [{'date': '201221', 'time': '120218', 'lat1': '6729.8794', 'lat2': 'N', 'lon1': '06342.0865', 'lon2': 'E', 'speed': '0', 'course': '37', 'height': '205', 'sats': '22', 'hdop': 'NA', 'inputs': 'NA', 'outputs': 'NA', 'adc': 'NA', 'ibutton': 'NA', 'params': [['151', '1', '39'], ['146', '1', '5555'], ['153', '1', '0'], ['152', '1', '10932'], ['150', '1', '13'], ['67', '1', '10153'], ['238', '1', '64503'], ['239', '1', '1'], ['66', '1', '23524'], ['178', '1', '1'], ['68', '1', '49'], ['236', '1', '65451'], ['237', '1', '65462'], ['200', '1', '0'], ['24', '1', '0'], ['21', '1', '5'], ['22', '1', '0'], ['182', '2', '0.5'], ['181', '2', '0.9'], ['10318', '1', '1'], ['147', '1', '12249'], ['144', '1', '1'], ['145', '1', '5965'], ['206', '1', '1513'], ['148', '1', '12682'], ['149', '1', '6598'], ['380', '1', '1'], ['383', '1', '25'], ['384', '1', '27'], ['240', '1', '0'], ['71', '1', '3'], ['70', '2', '31.0'], ['72', '2', '6549.1']]}, {'date': '201221', 'time': '120248', 'lat1': '6729.8794', 'lat2': 'N', 'lon1': '06342.0865', 'lon2': 'E', 'speed': '0', 'course': '37', 'height': '205', 'sats': '21', 'hdop': 'NA', 'inputs': 'NA', 'outputs': 'NA', 'adc': 'NA', 'ibutton': 'NA', 'params': [['151', '1', '39'], ['150', '1', '11'], ['153', '1', '0'], ['152', '1', '10850'], ['200', '1', '0'], ['67', '1', '10157'], ['238', '1', '64500'], ['239', '1', '1'], ['66', '1', '23511'], ['178', '1', '1'], ['68', '1', '49'], ['236', '1', '65446'], ['237', '1', '65460'], ['24', '1', '0'], ['21', '1', '5'], ['22', '1', '0'], ['182', '2', '0.5'], ['181', '2', '0.8'], ['146', '1', '5555'], ['147', '1', '12247'], ['144', '1', '1'], ['145', '1', '5965'], ['206', '1', '1513'], ['148', '1', '12685'], ['149', '1', '6539'], ['380', '1', '1'], ['383', '1', '25'], ['384', '1', '27'], ['240', '1', '0'], ['71', '1', '3'], ['70', '2', '30.9'], ['72', '2', '6549.1']]}], 'SD': [], 'B': [], 'M': [], 'I': []}, '359633107878535': {'D': [{'date': '201221', 'time': '120207', 'lat1': '6729.8976', 'lat2': 'N', 'lon1': '06342.1000', 'lon2': 'E', 'speed': '0', 'course': '347', 'height': '210', 'sats': '20', 'hdop': 'NA', 'inputs': 'NA', 'outputs': 'NA', 'adc': 'NA', 'ibutton': 'NA', 'params': [['151', '1', '44'], ['150', '1', '0'], ['153', '1', '8'], ['152', '1', '10547'], ['200', '1', '0'], ['67', '1', '9630'], ['238', '1', '64526'], ['239', '1', '1'], ['66', '1', '23487'], ['178', '1', '1'], ['68', '1', '0'], ['236', '1', '65479'], ['237', '1', '29'], ['24', '1', '0'], ['21', '1', '5'], ['22', '1', '1'], ['182', '2', '0.5'], ['181', '2', '0.9'], ['146', '1', '6176'], ['147', '1', '12098'], ['144', '1', '1'], ['145', '1', '5931'], ['206', '1', '1513'], ['148', '1', '0'], ['149', '1', '6426'], ['380', '1', '1'], ['383', '1', '29'], ['384', '1', '26'], ['240', '1', '1'], ['71', '1', '3'], ['70', '2', '32.3'], ['72', '2', '6551.3']]}, {'date': '201221', 'time': '120237', 'lat1': '6729.8976', 'lat2': 'N', 'lon1': '06342.1000', 'lon2': 'E', 'speed': '0', 'course': '347', 'height': '210', 'sats': '21', 'hdop': 'NA', 'inputs': 'NA', 'outputs': 'NA', 'adc': 'NA', 'ibutton': 'NA', 'params': [['151', '1', '46'], ['150', '1', '1'], ['153', '1', '8'], ['152', '1', '10476'], ['200', '1', '0'], ['67', '1', '9625'], ['238', '1', '64512'], ['239', '1', '1'], ['66', '1', '23488'], ['178', '1', '1'], ['68', '1', '0'], ['236', '1', '65454'], ['237', '1', '18'], ['24', '1', '0'], ['21', '1', '5'], ['22', '1', '1'], ['182', '2', '0.5'], ['181', '2', '0.8'], ['146', '1', '6176'], ['147', '1', '12100'], ['144', '1', '1'], ['145', '1', '5931'], ['206', '1', '1513'], ['148', '1', '0'], ['149', '1', '6415'], ['380', '1', '1'], ['383', '1', '29'], ['384', '1', '26'], ['240', '1', '1'], ['71', '1', '3'], ['70', '2', '32.2'], ['72', '2', '6551.2']]}], 'SD': [], 'B': [], 'M': [], 'I': []}}
{'359633109072822': {'D': [{'date': '201221', 'time': '120318', 'lat1': '6729.8794', 'lat2': 'N', 'lon1': '06342.0865', 'lon2': 'E', 'speed': '0', 'course': '37', 'height': '205', 'sats': '21', 'hdop': 'NA', 'inputs': 'NA', 'outputs': 'NA', 'adc': 'NA', 'ibutton': 'NA', 'params': [['151', '1', '31'], ['150', '1', '11'], ['153', '1', '0'], ['152', '1', '10824'], ['200', '1', '0'], ['67', '1', '10153'], ['238', '1', '64509'], ['239', '1', '1'], ['66', '1', '23517'], ['178', '1', '1'], ['68', '1', '49'], ['236', '1', '65452'], ['237', '1', '65439'], ['24', '1', '0'], ['21', '1', '5'], ['22', '1', '0'], ['182', '2', '0.5'], ['181', '2', '0.8'], ['146', '1', '5555'], ['147', '1', '12249'], ['144', '1', '1'], ['145', '1', '5965'], ['206', '1', '1513'], ['148', '1', '12682'], ['149', '1', '6595'], ['380', '1', '1'], ['383', '1', '25'], ['384', '1', '27'], ['240', '1', '0'], ['71', '1', '3'], ['70', '2', '30.9'], ['72', '2', '6549.1']]}, {'date': '201221', 'time': '120348', 'lat1': '6729.8794', 'lat2': 'N', 'lon1': '06342.0865', 'lon2': 'E', 'speed': '0', 'course': '37', 'height': '205', 'sats': '20', 'hdop': 'NA', 'inputs': 'NA', 'outputs': 'NA', 'adc': 'NA', 'ibutton': 'NA', 'params': [['151', '1', '31'], ['150', '1', '13'], ['153', '1', '0'], ['152', '1', '10877'], ['200', '1', '0'], ['67', '1', '10160'], ['238', '1', '64492'], ['239', '1', '1'], ['66', '1', '23509'], ['178', '1', '1'], ['68', '1', '48'], ['236', '1', '65439'], ['237', '1', '65409'], ['24', '1', '0'], ['21', '1', '5'], ['22', '1', '1'], ['182', '2', '0.5'], ['181', '2', '0.8'], ['146', '1', '5554'], ['147', '1', '12241'], ['144', '1', '1'], ['145', '1', '5965'], ['206', '1', '1513'], ['148', '1', '12690'], ['149', '1', '6553'], ['380', '1', '1'], ['383', '1', '25'], ['384', '1', '27'], ['240', '1', '1'], ['71', '1', '3'], ['70', '2', '31.1'], ['72', '2', '6549.2']]}], 'SD': [], 'B': [], 'M': [], 'I': []}, '359633107878535': {'D': [{'date': '201221', 'time': '120307', 'lat1': '6729.8976', 'lat2': 'N', 'lon1': '06342.1000', 'lon2': 'E', 'speed': '0', 'course': '347', 'height': '210', 'sats': '21', 'hdop': 'NA', 'inputs': 'NA', 'outputs': 'NA', 'adc': 'NA', 'ibutton': 'NA', 'params': [['151', '1', '46'], ['150', '1', '0'], ['153', '1', '8'], ['152', '1', '10643'], ['200', '1', '0'], ['67', '1', '9626'], ['238', '1', '64521'], ['239', '1', '1'], ['66', '1', '23486'], ['178', '1', '1'], ['68', '1', '0'], ['236', '1', '65420'], ['237', '1', '39'], ['24', '1', '0'], ['21', '1', '5'], ['22', '1', '1'], ['182', '2', '0.5'], ['181', '2', '0.8'], ['146', '1', '6176'], ['147', '1', '12103'], ['144', '1', '1'], ['145', '1', '5931'], ['206', '1', '1513'], ['148', '1', '0'], ['149', '1', '6420'], ['380', '1', '1'], ['383', '1', '29'], ['384', '1', '26'], ['240', '1', '1'], ['71', '1', '3'], ['70', '2', '32.2'], ['72', '2', '6551.2']]}, {'date': '201221', 'time': '120307', 'lat1': '6729.8976', 'lat2': 'N', 'lon1': '06342.1000', 'lon2': 'E', 'speed': '0', 'course': '347', 'height': '210', 'sats': '21', 'hdop': 'NA', 'inputs': 'NA', 'outputs': 'NA', 'adc': 'NA', 'ibutton': 'NA', 'params': [['10321', '1', '0'], ['10320', '1', '1'], ['10323', '1', '0'], ['10322', '1', '0'], ['10325', '1', '9341'], ['10324', '1', '0'], ['10309', '1', '10778'], ['10308', '1', '10420'], ['10307', '1', '8'], ['10306', '1', '49'], ['10305', '1', '41'], ['10304', '1', '3'], ['10303', '1', '3'], ['10302', '1', '0'], ['10301', '1', '45'], ['10300', '1', '6434'], ['239', '1', '1'], ['10343', '1', '159'], ['10342', '1', '2'], ['10341', '1', '0'], ['10340', '1', '24'], ['10347', '1', '1'], ['10346', '1', '0'], ['10344', '1', '1'], ['10327', '1', '235'], ['10333', '1', '1'], ['10326', '1', '32'], ['10329', '1', '1'], ['10328', '1', '239'], ['10338', '1', '84'], ['10318', '1', '1'], ['10319', '1', '1'], ['10330', '1', '141'], ['10331', '1', '1'], ['10336', '1', '2'], ['10337', '1', '1'], ['10334', '1', '1'], ['10335', '1', '1'], ['10310', '1', '347'], ['10311', '1', '8'], ['10312', '1', '10'], ['10313', '1', '2'], ['10314', '1', '0'], ['10315', '1', '0'], ['10316', '1', '0'], ['10317', '1', '0'], ['10339', '1', '215'], ['10332', '1', '1']]}, {'date': '201221', 'time': '120337', 'lat1': '6729.8976', 'lat2': 'N', 'lon1': '06342.1000', 'lon2': 'E', 'speed': '0', 'course': '347', 'height': '210', 'sats': '21', 'hdop': 'NA', 'inputs': 'NA', 'outputs': 'NA', 'adc': 'NA', 'ibutton': 'NA', 'params': [['151', '1', '46'], ['150', '1', '1'], ['153', '1', '8'], ['152', '1', '10518'], ['200', '1', '0'], ['67', '1', '9624'], ['238', '1', '64509'], ['239', '1', '1'], ['66', '1', '23490'], ['178', '1', '1'], ['68', '1', '0'], ['236', '1', '65524'], ['237', '1', '19'], ['24', '1', '0'], ['21', '1', '5'], ['22', '1', '1'], ['182', '2', '0.5'], ['181', '2', '0.8'], ['146', '1', '6176'], ['147', '1', '12103'], ['144', '1', '1'], ['145', '1', '5931'], ['206', '1', '1513'], ['148', '1', '0'], ['149', '1', '6333'], ['380', '1', '1'], ['383', '1', '29'], ['384', '1', '26'], ['240', '1', '1'], ['71', '1', '3'], ['70', '2', '32.2'], ['72', '2', '6551.3']]}], 'SD': [], 'B': [], 'M': [], 'I': []}}
{'359633109072822': {'D': [{'date': '201221', 'time': '120418', 'lat1': '6729.8794', 'lat2': 'N', 'lon1': '06342.0865', 'lon2': 'E', 'speed': '0', 'course': '37', 'height': '205', 'sats': '21', 'hdop': 'NA', 'inputs': 'NA', 'outputs': 'NA', 'adc': 'NA', 'ibutton': 'NA', 'params': [['151', '1', '34'], ['150', '1', '13'], ['153', '1', '0'], ['152', '1', '10861'], ['200', '1', '0'], ['67', '1', '10164'], ['238', '1', '64493'], ['239', '1', '1'], ['66', '1', '23523'], ['178', '1', '1'], ['68', '1', '48'], ['236', '1', '65460'], ['237', '1', '65501'], ['24', '1', '0'], ['21', '1', '5'], ['22', '1', '1'], ['182', '2', '0.5'], ['181', '2', '1.1'], ['146', '1', '5554'], ['147', '1', '12249'], ['144', '1', '1'], ['145', '1', '5965'], ['206', '1', '1513'], ['148', '1', '12685'], ['149', '1', '6582'], ['380', '1', '1'], ['383', '1', '25'], ['384', '1', '27'], ['240', '1', '1'], ['71', '1', '3'], ['70', '2', '31.1'], ['72', '2', '6549.2']]}, {'date': '201221', 'time': '120448', 'lat1': '6729.8794', 'lat2': 'N', 'lon1': '06342.0865', 'lon2': 'E', 'speed': '0', 'course': '37', 'height': '205', 'sats': '19', 'hdop': 'NA', 'inputs': 'NA', 'outputs': 'NA', 'adc': 'NA', 'ibutton': 'NA', 'params': [['151', '1', '44'], ['150', '1', '11'], ['153', '1', '0'], ['152', '1', '10837'], ['200', '1', '0'], ['67', '1', '10166'], ['238', '1', '64505'], ['239', '1', '1'], ['66', '1', '23517'], ['178', '1', '1'], ['68', '1', '48'], ['236', '1', '65411'], ['237', '1', '65431'], ['24', '1', '0'], ['21', '1', '5'], ['22', '1', '1'], ['182', '2', '0.6'], ['181', '2', '1.2'], ['146', '1', '5554'], ['147', '1', '12249'], ['144', '1', '1'], ['145', '1', '5965'], ['206', '1', '1513'], ['148', '1', '12682'], ['149', '1', '6590'], ['380', '1', '1'], ['383', '1', '25'], ['384', '1', '27'], ['240', '1', '1'], ['71', '1', '3'], ['70', '2', '31.1'], ['72', '2', '6549.2']]}], 'SD': [], 'B': [], 'M': [], 'I': []}, '359633107878535': {'D': [{'date': '121121', 'time': '034946', 'lat1': '0000.0000', 'lat2': 'N', 'lon1': '15239.7683', 'lon2': 'W', 'speed': '0', 'course': '56', 'height': '0', 'sats': '8', 'hdop': 'NA', 'inputs': 'NA', 'outputs': 'NA', 'adc': 'NA', 'ibutton': 'NA', 'params': [['205', '1', '17922912683403'], ['6338', '1', '262343'], ['51', '1', '3823763697'], ['26547', '1', '2471886848'], ['239', '1', '1'], ['52824', '1', '563216918230137'], ['41472', '1', '253609890319229794']]}], 'SD': [], 'B': [], 'M': [], 'I': []}}
{'359633109072822': {'D': [{'date': '201221', 'time': '120518', 'lat1': '6729.8794', 'lat2': 'N', 'lon1': '06342.0865', 'lon2': 'E', 'speed': '0', 'course': '37', 'height': '205', 'sats': '21', 'hdop': 'NA', 'inputs': 'NA', 'outputs': 'NA', 'adc': 'NA', 'ibutton': 'NA', 'params': [['151', '1', '39'], ['150', '1', '11'], ['153', '1', '0'], ['152', '1', '10871'], ['200', '1', '0'], ['67', '1', '10162'], ['238', '1', '64502'], ['239', '1', '1'], ['66', '1', '23519'], ['178', '1', '1'], ['68', '1', '48'], ['236', '1', '65449'], ['237', '1', '65490'], ['24', '1', '0'], ['21', '1', '5'], ['22', '1', '1'], ['182', '2', '0.5'], ['181', '2', '1.2'], ['146', '1', '5554'], ['147', '1', '12257'], ['144', '1', '1'], ['145', '1', '5965'], ['206', '1', '1513'], ['148', '1', '12685'], ['149', '1', '6574'], ['380', '1', '1'], ['383', '1', '25'], ['384', '1', '27'], ['240', '1', '1'], ['71', '1', '3'], ['70', '2', '31.1'], ['72', '2', '6549.3']]}, {'date': '201221', 'time': '120548', 'lat1': '6729.8794', 'lat2': 'N', 'lon1': '06342.0865', 'lon2': 'E', 'speed': '0', 'course': '37', 'height': '205', 'sats': '21', 'hdop': 'NA', 'inputs': 'NA', 'outputs': 'NA', 'adc': 'NA', 'ibutton': 'NA', 'params': [['151', '1', '42'], ['150', '1', '11'], ['153', '1', '0'], ['152', '1', '10787'], ['200', '1', '0'], ['67', '1', '9970'], ['238', '1', '64496'], ['239', '1', '1'], ['66', '1', '23562'], ['178', '1', '1'], ['68', '1', '0'], ['236', '1', '65458'], ['237', '1', '65507'], ['24', '1', '0'], ['21', '1', '5'], ['22', '1', '1'], ['182', '2', '0.5'], ['181', '2', '1.1'], ['146', '1', '5554'], ['147', '1', '12263'], ['144', '1', '1'], ['145', '1', '5965'], ['206', '1', '1513'], ['148', '1', '12687'], ['149', '1', '6547'], ['380', '1', '1'], ['383', '1', '25'], ['384', '1', '27'], ['240', '1', '0'], ['71', '1', '3'], ['70', '2', '31.1'], ['72', '2', '6549.3']]}], 'SD': [], 'B': [], 'M': [], 'I': []}, '359633107878535': {'D': [{'date': '201221', 'time': '120507', 'lat1': '6729.8976', 'lat2': 'N', 'lon1': '06342.1000', 'lon2': 'E', 'speed': '0', 'course': '347', 'height': '210', 'sats': '19', 'hdop': 'NA', 'inputs': 'NA', 'outputs': 'NA', 'adc': 'NA', 'ibutton': 'NA', 'params': [['151', '1', '44'], ['150', '1', '0'], ['153', '1', '8'], ['152', '1', '10627'], ['200', '1', '0'], ['67', '1', '9613'], ['238', '1', '64520'], ['239', '1', '1'], ['66', '1', '23472'], ['178', '1', '1'], ['68', '1', '0'], ['236', '1', '65446'], ['237', '1', '15'], ['24', '1', '0'], ['21', '1', '5'], ['22', '1', '1'], ['182', '2', '0.5'], ['181', '2', '0.9'], ['146', '1', '6176'], ['147', '1', '12111'], ['144', '1', '1'], ['145', '1', '5930'], ['206', '1', '1513'], ['148', '1', '0'], ['149', '1', '6415'], ['380', '1', '1'], ['383', '1', '29'], ['384', '1', '26'], ['240', '1', '1'], ['71', '1', '3'], ['70', '2', '32.2'], ['72', '2', '6551.3']]}, {'date': '201221', 'time': '120507', 'lat1': '6729.8976', 'lat2': 'N', 'lon1': '06342.1000', 'lon2': 'E', 'speed': '0', 'course': '347', 'height': '210', 'sats': '19', 'hdop': 'NA', 'inputs': 'NA', 'outputs': 'NA', 'adc': 'NA', 'ibutton': 'NA', 'params': [['10321', '1', '0'], ['10320', '1', '1'], ['10323', '1', '0'], ['10322', '1', '0'], ['10325', '1', '15741'], ['10324', '1', '0'], ['10309', '1', '10778'], ['10308', '1', '10425'], ['10307', '1', '8'], ['10306', '1', '49'], ['10305', '1', '38'], ['10304', '1', '3'], ['10303', '1', '3'], ['10302', '1', '0'], ['10301', '1', '48'], ['10300', '1', '6436'], ['239', '1', '1'], ['10343', '1', '159'], ['10342', '1', '2'], ['10341', '1', '0'], ['10340', '1', '24'], ['10347', '1', '1'], ['10346', '1', '0'], ['10344', '1', '1'], ['10327', '1', '235'], ['10333', '1', '1'], ['10326', '1', '32'], ['10329', '1', '1'], ['10328', '1', '239'], ['10338', '1', '84'], ['10318', '1', '1'], ['10319', '1', '1'], ['10330', '1', '141'], ['10331', '1', '1'], ['10336', '1', '2'], ['10337', '1', '1'], ['10334', '1', '1'], ['10335', '1', '1'], ['10310', '1', '413'], ['10311', '1', '8'], ['10312', '1', '10'], ['10313', '1', '2'], ['10314', '1', '0'], ['10315', '1', '0'], ['10316', '1', '0'], ['10317', '1', '0'], ['10339', '1', '215'], ['10332', '1', '1']]}, {'date': '201221', 'time': '120537', 'lat1': '6729.8976', 'lat2': 'N', 'lon1': '06342.1000', 'lon2': 'E', 'speed': '0', 'course': '347', 'height': '210', 'sats': '19', 'hdop': 'NA', 'inputs': 'NA', 'outputs': 'NA', 'adc': 'NA', 'ibutton': 'NA', 'params': [['151', '1', '44'], ['150', '1', '0'], ['153', '1', '8'], ['152', '1', '10587'], ['200', '1', '0'], ['67', '1', '9612'], ['238', '1', '64507'], ['239', '1', '1'], ['66', '1', '23489'], ['178', '1', '1'], ['68', '1', '0'], ['236', '1', '65478'], ['237', '1', '33'], ['24', '1', '0'], ['21', '1', '5'], ['22', '1', '1'], ['182', '2', '0.5'], ['181', '2', '0.9'], ['146', '1', '6176'], ['147', '1', '12108'], ['144', '1', '1'], ['145', '1', '5930'], ['206', '1', '1513'], ['148', '1', '0'], ['149', '1', '6420'], ['380', '1', '1'], ['383', '1', '29'], ['384', '1', '26'], ['240', '1', '1'], ['71', '1', '3'], ['70', '2', '32.2'], ['72', '2', '6551.3']]}, {'date': '201221', 'time': '120607', 'lat1': '6729.8976', 'lat2': 'N', 'lon1': '06342.1000', 'lon2': 'E', 'speed': '0', 'course': '347', 'height': '210', 'sats': '20', 'hdop': 'NA', 'inputs': 'NA', 'outputs': 'NA', 'adc': 'NA', 'ibutton': 'NA', 'params': [['151', '1', '41'], ['150', '1', '0'], ['153', '1', '8'], ['152', '1', '10598'], ['200', '1', '0'], ['67', '1', '9616'], ['238', '1', '64517'], ['239', '1', '1'], ['66', '1', '23479'], ['178', '1', '1'], ['68', '1', '0'], ['236', '1', '65513'], ['237', '1', '16'], ['24', '1', '0'], ['21', '1', '5'], ['22', '1', '1'], ['182', '2', '0.5'], ['181', '2', '0.9'], ['146', '1', '6176'], ['147', '1', '12108'], ['144', '1', '1'], ['145', '1', '5930'], ['206', '1', '1513'], ['148', '1', '0'], ['149', '1', '6394'], ['380', '1', '1'], ['383', '1', '29'], ['384', '1', '26'], ['240', '1', '1'], ['71', '1', '3'], ['70', '2', '32.4'], ['72', '2', '6551.3']]}], 'SD': [], 'B': [], 'M': [], 'I': []}}
{'359633109072822': {'D': [{'date': '201221', 'time': '120618', 'lat1': '6729.8794', 'lat2': 'N', 'lon1': '06342.0865', 'lon2': 'E', 'speed': '0', 'course': '37', 'height': '205', 'sats': '21', 'hdop': 'NA', 'inputs': 'NA', 'outputs': 'NA', 'adc': 'NA', 'ibutton': 'NA', 'params': [['151', '1', '36'], ['150', '1', '11'], ['153', '1', '0'], ['152', '1', '10879'], ['200', '1', '0'], ['67', '1', '9950'], ['238', '1', '64505'], ['239', '1', '1'], ['66', '1', '23568'], ['178', '1', '1'], ['68', '1', '0'], ['236', '1', '65432'], ['237', '1', '65459'], ['24', '1', '0'], ['21', '1', '5'], ['22', '1', '0'], ['182', '2', '0.5'], ['181', '2', '1.1'], ['146', '1', '5554'], ['147', '1', '12249'], ['144', '1', '1'], ['145', '1', '5965'], ['206', '1', '1513'], ['148', '1', '12682'], ['149', '1', '6553'], ['380', '1', '1'], ['383', '1', '25'], ['384', '1', '27'], ['240', '1', '0'], ['71', '1', '3'], ['70', '2', '31.1'], ['72', '2', '6549.3']]}, {'date': '121121', 'time': '042127', 'lat1': '6846.6020', 'lat2': 'S', 'lon1': '11043.1859', 'lon2': 'W', 'speed': '0', 'course': '56', 'height': '0', 'sats': '16', 'hdop': 'NA', 'inputs': 'NA', 'outputs': 'NA', 'adc': 'NA', 'ibutton': 'NA', 'params': [['1024', '1', '199'], ['205', '1', '0'], ['10298', '1', '0'], ['4136', '1', '59'], ['37716', '1', '0'], ['4173', '1', '216'], ['218', '1', '0'], ['41472', '1', '803'], ['6534', '1', '0'], ['2', '1', '62'], ['23040', '1', '241'], ['7', '2', '9.3'], ['58210', '1', '26547'], ['10446', '1', '51577'], ['1415', '1', '13282'], ['239', '1', '1']]}, {'date': '201221', 'time': '120718', 'lat1': '6729.8794', 'lat2': 'N', 'lon1': '06342.0865', 'lon2': 'E', 'speed': '0', 'course': '37', 'height': '205', 'sats': '21', 'hdop': 'NA', 'inputs': 'NA', 'outputs': 'NA', 'adc': 'NA', 'ibutton': 'NA', 'params': [['151', '1', '34'], ['150', '1', '13'], ['153', '1', '0'], ['152', '1', '10924'], ['200', '1', '0'], ['67', '1', '9913'], ['238', '1', '64515'], ['239', '1', '1'], ['66', '1', '23562'], ['178', '1', '1'], ['68', '1', '0'], ['236', '1', '65444'], ['237', '1', '65472'], ['24', '1', '0'], ['21', '1', '5'], ['22', '1', '0'], ['182', '2', '0.5'], ['181', '2', '1.1'], ['146', '1', '5554'], ['147', '1', '12252'], ['144', '1', '1'], ['145', '1', '5964'], ['206', '1', '1513'], ['148', '1', '12677'], ['149', '1', '6531'], ['380', '1', '1'], ['383', '1', '25'], ['384', '1', '27'], ['240', '1', '0'], ['71', '1', '3'], ['70', '2', '30.9'], ['72', '2', '6549.3']]}], 'SD': [], 'B': [], 'M': [], 'I': []}, '359633107878535': {'D': [{'date': '201221', 'time': '120637', 'lat1': '6729.8976', 'lat2': 'N', 'lon1': '06342.1000', 'lon2': 'E', 'speed': '0', 'course': '347', 'height': '210', 'sats': '20', 'hdop': 'NA', 'inputs': 'NA', 'outputs': 'NA', 'adc': 'NA', 'ibutton': 'NA', 'params': [['151', '1', '41'], ['150', '1', '0'], ['153', '1', '8'], ['152', '1', '10478'], ['200', '1', '0'], ['67', '1', '9609'], ['238', '1', '64523'], ['239', '1', '1'], ['66', '1', '23488'], ['178', '1', '1'], ['68', '1', '0'], ['236', '1', '65466'], ['237', '1', '6'], ['24', '1', '0'], ['21', '1', '5'], ['22', '1', '1'], ['182', '2', '0.5'], ['181', '2', '0.9'], ['146', '1', '6176'], ['147', '1', '12111'], ['144', '1', '1'], ['145', '1', '5930'], ['206', '1', '1513'], ['148', '1', '0'], ['149', '1', '6391'], ['380', '1', '1'], ['383', '1', '29'], ['384', '1', '26'], ['240', '1', '1'], ['71', '1', '3'], ['70', '2', '32.0'], ['72', '2', '6551.3']]}], 'SD': [], 'B': [], 'M': [], 'I': []}}
{'359633109072822': {'D': [{'date': '201221', 'time': '120748', 'lat1': '6729.8794', 'lat2': 'N', 'lon1': '06342.0865', 'lon2': 'E', 'speed': '0', 'course': '37', 'height': '205', 'sats': '21', 'hdop': 'NA', 'inputs': 'NA', 'outputs': 'NA', 'adc': 'NA', 'ibutton': 'NA', 'params': [['151', '1', '39'], ['150', '1', '13'], ['153', '1', '0'], ['152', '1', '10845'], ['200', '1', '0'], ['67', '1', '9900'], ['238', '1', '64513'], ['239', '1', '1'], ['66', '1', '23558'], ['178', '1', '1'], ['68', '1', '0'], ['236', '1', '65405'], ['237', '1', '65426'], ['24', '1', '0'], ['21', '1', '5'], ['22', '1', '0'], ['182', '2', '0.5'], ['181', '2', '1.1'], ['146', '1', '5554'], ['147', '1', '12263'], ['144', '1', '1'], ['145', '1', '5964'], ['206', '1', '1513'], ['148', '1', '12674'], ['149', '1', '6521'], ['380', '1', '1'], ['383', '1', '25'], ['384', '1', '27'], ['240', '1', '0'], ['71', '1', '3'], ['70', '2', '31.0'], ['72', '2', '6549.3']]}], 'SD': [], 'B': [], 'M': [], 'I': []}, '359633107878535': {'D': [{'date': '201221', 'time': '120707', 'lat1': '6729.8976', 'lat2': 'N', 'lon1': '06342.1000', 'lon2': 'E', 'speed': '0', 'course': '347', 'height': '210', 'sats': '19', 'hdop': 'NA', 'inputs': 'NA', 'outputs': 'NA', 'adc': 'NA', 'ibutton': 'NA', 'params': [['10321', '1', '0'], ['10320', '1', '1'], ['10323', '1', '0'], ['10322', '1', '0'], ['10325', '1', '22141'], ['10324', '1', '0'], ['10309', '1', '10793'], ['10308', '1', '10423'], ['10307', '1', '8'], ['10306', '1', '52'], ['10305', '1', '41'], ['10304', '1', '3'], ['10303', '1', '3'], ['10302', '1', '0'], ['10301', '1', '48'], ['10300', '1', '6428'], ['239', '1', '1'], ['10343', '1', '160'], ['10342', '1', '2'], ['10341', '1', '0'], ['10340', '1', '24'], ['10347', '1', '1'], ['10346', '1', '0'], ['10344', '1', '1'], ['10327', '1', '235'], ['10333', '1', '1'], ['10326', '1', '32'], ['10329', '1', '1'], ['10328', '1', '239'], ['10338', '1', '84'], ['10318', '1', '1'], ['10319', '1', '1'], ['10330', '1', '141'], ['10331', '1', '1'], ['10336', '1', '2'], ['10337', '1', '1'], ['10334', '1', '1'], ['10335', '1', '1'], ['10310', '1', '341'], ['10311', '1', '8'], ['10312', '1', '10'], ['10313', '1', '2'], ['10314', '1', '0'], ['10315', '1', '0'], ['10316', '1', '0'], ['10317', '1', '0'], ['10339', '1', '215'], ['10332', '1', '1']]}, {'date': '201221', 'time': '120737', 'lat1': '6729.8976', 'lat2': 'N', 'lon1': '06342.1000', 'lon2': 'E', 'speed': '0', 'course': '347', 'height': '210', 'sats': '19', 'hdop': 'NA', 'inputs': 'NA', 'outputs': 'NA', 'adc': 'NA', 'ibutton': 'NA', 'params': [['151', '1', '46'], ['150', '1', '1'], ['153', '1', '8'], ['152', '1', '10523'], ['200', '1', '0'], ['67', '1', '9605'], ['238', '1', '64518'], ['239', '1', '1'], ['66', '1', '23494'], ['178', '1', '1'], ['68', '1', '0'], ['236', '1', '65493'], ['237', '1', '65534'], ['24', '1', '0'], ['21', '1', '5'], ['22', '1', '1'], ['182', '2', '0.6'], ['181', '2', '0.9'], ['146', '1', '6176'], ['147', '1', '12116'], ['144', '1', '1'], ['145', '1', '5930'], ['206', '1', '1513'], ['148', '1', '0'], ['149', '1', '6394'], ['380', '1', '1'], ['383', '1', '29'], ['384', '1', '26'], ['240', '1', '1'], ['71', '1', '3'], ['70', '2', '32.2'], ['72', '2', '6551.4']]}, {'date': '201221', 'time': '120807', 'lat1': '6729.8976', 'lat2': 'N', 'lon1': '06342.1000', 'lon2': 'E', 'speed': '0', 'course': '347', 'height': '210', 'sats': '19', 'hdop': 'NA', 'inputs': 'NA', 'outputs': 'NA', 'adc': 'NA', 'ibutton': 'NA', 'params': [['151', '1', '44'], ['150', '1', '1'], ['153', '1', '8'], ['152', '1', '10465'], ['200', '1', '0'], ['67', '1', '9817'], ['238', '1', '64518'], ['239', '1', '1'], ['66', '1', '23443'], ['178', '1', '1'], ['68', '1', '51'], ['236', '1', '65493'], ['237', '1', '65530'], ['24', '1', '0'], ['21', '1', '5'], ['22', '1', '1'], ['182', '2', '0.6'], ['181', '2', '0.9'], ['146', '1', '6176'], ['147', '1', '12114'], ['144', '1', '1'], ['145', '1', '5929'], ['206', '1', '1513'], ['148', '1', '0'], ['149', '1', '6386'], ['380', '1', '1'], ['383', '1', '29'], ['384', '1', '26'], ['240', '1', '1'], ['71', '1', '3'], ['70', '2', '32.2'], ['72', '2', '6551.3']]}], 'SD': [], 'B': [], 'M': [], 'I': []}}
{'359633109072822': {'D': [{'date': '201221', 'time': '120818', 'lat1': '6729.8794', 'lat2': 'N', 'lon1': '06342.0865', 'lon2': 'E', 'speed': '0', 'course': '37', 'height': '205', 'sats': '20', 'hdop': 'NA', 'inputs': 'NA', 'outputs': 'NA', 'adc': 'NA', 'ibutton': 'NA', 'params': [['151', '1', '42'], ['150', '1', '13'], ['153', '1', '2'], ['152', '1', '10921'], ['200', '1', '0'], ['67', '1', '9887'], ['238', '1', '64505'], ['239', '1', '1'], ['66', '1', '23557'], ['178', '1', '1'], ['68', '1', '0'], ['236', '1', '65429'], ['237', '1', '65461'], ['24', '1', '0'], ['21', '1', '5'], ['22', '1', '0'], ['182', '2', '0.5'], ['181', '2', '1.2'], ['146', '1', '5554'], ['147', '1', '12257'], ['144', '1', '1'], ['145', '1', '5964'], ['206', '1', '1513'], ['148', '1', '12674'], ['149', '1', '6542'], ['380', '1', '1'], ['383', '1', '25'], ['384', '1', '27'], ['240', '1', '0'], ['71', '1', '3'], ['70', '2', '31.1'], ['72', '2', '6549.3']]}, {'date': '201221', 'time': '120848', 'lat1': '6729.8794', 'lat2': 'N', 'lon1': '06342.0865', 'lon2': 'E', 'speed': '0', 'course': '37', 'height': '205', 'sats': '20', 'hdop': 'NA', 'inputs': 'NA', 'outputs': 'NA', 'adc': 'NA', 'ibutton': 'NA', 'params': [['151', '1', '39'], ['150', '1', '13'], ['153', '1', '2'], ['152', '1', '10834'], ['200', '1', '0'], ['67', '1', '9876'], ['238', '1', '64507'], ['239', '1', '1'], ['66', '1', '23550'], ['178', '1', '1'], ['68', '1', '0'], ['236', '1', '65425'], ['237', '1', '65446'], ['24', '1', '0'], ['21', '1', '5'], ['22', '1', '0'], ['182', '2', '0.5'], ['181', '2', '1.2'], ['146', '1', '5554'], ['147', '1', '12252'], ['144', '1', '1'], ['145', '1', '5964'], ['206', '1', '1513'], ['148', '1', '12674'], ['149', '1', '6542'], ['380', '1', '1'], ['383', '1', '25'], ['384', '1', '27'], ['240', '1', '0'], ['71', '1', '3'], ['70', '2', '30.8'], ['72', '2', '6549.4']]}], 'SD': [], 'B': [], 'M': [], 'I': []}, '359633107878535': {'D': [{'date': '201221', 'time': '120837', 'lat1': '6729.8976', 'lat2': 'N', 'lon1': '06342.1000', 'lon2': 'E', 'speed': '0', 'course': '347', 'height': '210', 'sats': '19', 'hdop': 'NA', 'inputs': 'NA', 'outputs': 'NA', 'adc': 'NA', 'ibutton': 'NA', 'params': [['151', '1', '46'], ['150', '1', '1'], ['153', '1', '8'], ['152', '1', '10650'], ['200', '1', '0'], ['67', '1', '9849'], ['238', '1', '64518'], ['239', '1', '1'], ['66', '1', '23442'], ['178', '1', '1'], ['68', '1', '51'], ['236', '1', '65486'], ['237', '1', '17'], ['24', '1', '0'], ['21', '1', '5'], ['22', '1', '1'], ['182', '2', '0.6'], ['181', '2', '0.9'], ['146', '1', '6176'], ['147', '1', '12116'], ['144', '1', '1'], ['145', '1', '5929'], ['206', '1', '1513'], ['148', '1', '0'], ['149', '1', '6402'], ['380', '1', '1'], ['383', '1', '29'], ['384', '1', '26'], ['240', '1', '1'], ['71', '1', '3'], ['70', '2', '32.1'], ['72', '2', '6551.3']]}], 'SD': [], 'B': [], 'M': [], 'I': []}}
{'359633109072822': {'D': [{'date': '201221', 'time': '120918', 'lat1': '6729.8794', 'lat2': 'N', 'lon1': '06342.0865', 'lon2': 'E', 'speed': '0', 'course': '37', 'height': '205', 'sats': '21', 'hdop': 'NA', 'inputs': 'NA', 'outputs': 'NA', 'adc': 'NA', 'ibutton': 'NA', 'params': [['151', '1', '36'], ['150', '1', '13'], ['153', '1', '2'], ['152', '1', '10834'], ['200', '1', '0'], ['67', '1', '9862'], ['238', '1', '64512'], ['239', '1', '1'], ['66', '1', '23553'], ['178', '1', '1'], ['68', '1', '0'], ['236', '1', '65439'], ['237', '1', '65407'], ['24', '1', '0'], ['21', '1', '5'], ['22', '1', '0'], ['182', '2', '0.5'], ['181', '2', '1.1'], ['146', '1', '5554'], ['147', '1', '12252'], ['144', '1', '1'], ['145', '1', '5964'], ['206', '1', '1513'], ['148', '1', '12679'], ['149', '1', '6529'], ['380', '1', '1'], ['383', '1', '26'], ['384', '1', '27'], ['240', '1', '0'], ['71', '1', '3'], ['70', '2', '30.8'], ['72', '2', '6549.4']]}, {'date': '201221', 'time': '120948', 'lat1': '6729.8794', 'lat2': 'N', 'lon1': '06342.0865', 'lon2': 'E', 'speed': '0', 'course': '37', 'height': '205', 'sats': '21', 'hdop': 'NA', 'inputs': 'NA', 'outputs': 'NA', 'adc': 'NA', 'ibutton': 'NA', 'params': [['151', '1', '36'], ['150', '1', '13'], ['153', '1', '0'], ['152', '1', '10837'], ['200', '1', '0'], ['67', '1', '9854'], ['238', '1', '64499'], ['239', '1', '1'], ['66', '1', '23554'], ['178', '1', '1'], ['68', '1', '0'], ['236', '1', '65455'], ['237', '1', '65468'], ['24', '1', '0'], ['21', '1', '5'], ['22', '1', '0'], ['182', '2', '0.5'], ['181', '2', '1.1'], ['146', '1', '5554'], ['147', '1', '12263'], ['144', '1', '1'], ['145', '1', '5964'], ['206', '1', '1513'], ['148', '1', '12671'], ['149', '1', '6584'], ['380', '1', '1'], ['383', '1', '25'], ['384', '1', '27'], ['240', '1', '0'], ['71', '1', '3'], ['70', '2', '30.9'], ['72', '2', '6549.5']]}, {'date': '201221', 'time': '121018', 'lat1': '6729.8794', 'lat2': 'N', 'lon1': '06342.0865', 'lon2': 'E', 'speed': '0', 'course': '37', 'height': '205', 'sats': '21', 'hdop': 'NA', 'inputs': 'NA', 'outputs': 'NA', 'adc': 'NA', 'ibutton': 'NA', 'params': [['151', '1', '36'], ['150', '1', '11'], ['153', '1', '0'], ['152', '1', '10845'], ['200', '1', '0'], ['67', '1', '9846'], ['238', '1', '64495'], ['239', '1', '1'], ['66', '1', '23550'], ['178', '1', '1'], ['68', '1', '0'], ['236', '1', '65454'], ['237', '1', '65460'], ['24', '1', '0'], ['21', '1', '5'], ['22', '1', '1'], ['182', '2', '0.5'], ['181', '2', '1.1'], ['146', '1', '5554'], ['147', '1', '12260'], ['144', '1', '1'], ['145', '1', '5964'], ['206', '1', '1513'], ['148', '1', '12679'], ['149', '1', '6542'], ['380', '1', '1'], ['383', '1', '26'], ['384', '1', '27'], ['240', '1', '1'], ['71', '1', '3'], ['70', '2', '30.9'], ['72', '2', '6549.4']]}], 'SD': [], 'B': [], 'M': [], 'I': []}, '359633107878535': {'D': [{'date': '201221', 'time': '120907', 'lat1': '6729.8976', 'lat2': 'N', 'lon1': '06342.1000', 'lon2': 'E', 'speed': '0', 'course': '347', 'height': '210', 'sats': '19', 'hdop': 'NA', 'inputs': 'NA', 'outputs': 'NA', 'adc': 'NA', 'ibutton': 'NA', 'params': [['151', '1', '46'], ['150', '1', '0'], ['153', '1', '8'], ['152', '1', '10680'], ['200', '1', '0'], ['67', '1', '9867'], ['238', '1', '64500'], ['239', '1', '1'], ['66', '1', '23442'], ['178', '1', '1'], ['68', '1', '51'], ['236', '1', '65454'], ['237', '1', '38'], ['24', '1', '0'], ['21', '1', '5'], ['22', '1', '1'], ['182', '2', '0.6'], ['181', '2', '0.9'], ['146', '1', '6175'], ['147', '1', '12116'], ['144', '1', '1'], ['145', '1', '5929'], ['206', '1', '1513'], ['148', '1', '0'], ['149', '1', '6383'], ['380', '1', '1'], ['383', '1', '29'], ['384', '1', '26'], ['240', '1', '1'], ['71', '1', '3'], ['70', '2', '32.2'], ['72', '2', '6551.3']]}, {'date': '121121', 'time': '034840', 'lat1': '0000.0000', 'lat2': 'N', 'lon1': '15420.4316', 'lon2': 'W', 'speed': '0', 'course': '56', 'height': '0', 'sats': '8', 'hdop': 'NA', 'inputs': 'NA', 'outputs': 'NA', 'adc': 'NA', 'ibutton': 'NA', 'params': [['205', '1', '17922912683403'], ['51', '1', '3823763697'], ['26547', '1', '2471886848'], ['239', '1', '1'], ['6370', '1', '262343'], ['52824', '1', '563216918230137'], ['41472', '1', '253609890319229794']]}, {'date': '201221', 'time': '121007', 'lat1': '6729.8976', 'lat2': 'N', 'lon1': '06342.1000', 'lon2': 'E', 'speed': '0', 'course': '347', 'height': '210', 'sats': '18', 'hdop': 'NA', 'inputs': 'NA', 'outputs': 'NA', 'adc': 'NA', 'ibutton': 'NA', 'params': [['151', '1', '46'], ['150', '1', '1'], ['153', '1', '8'], ['152', '1', '10627'], ['200', '1', '0'], ['67', '1', '9908'], ['238', '1', '64510'], ['239', '1', '1'], ['66', '1', '23452'], ['178', '1', '1'], ['68', '1', '50'], ['236', '1', '65486'], ['237', '1', '40'], ['24', '1', '0'], ['21', '1', '5'], ['22', '1', '1'], ['182', '2', '0.6'], ['181', '2', '0.9'], ['146', '1', '6175'], ['147', '1', '12124'], ['144', '1', '1'], ['145', '1', '5928'], ['206', '1', '1513'], ['148', '1', '0'], ['149', '1', '6375'], ['380', '1', '1'], ['383', '1', '29'], ['384', '1', '26'], ['240', '1', '1'], ['71', '1', '3'], ['70', '2', '32.3'], ['72', '2', '6551.3']]}], 'SD': [], 'B': [], 'M': [], 'I': []}}
{'359633109072822': {'D': [{'date': '201221', 'time': '121048', 'lat1': '6729.8794', 'lat2': 'N', 'lon1': '06342.0865', 'lon2': 'E', 'speed': '0', 'course': '37', 'height': '205', 'sats': '21', 'hdop': 'NA', 'inputs': 'NA', 'outputs': 'NA', 'adc': 'NA', 'ibutton': 'NA', 'params': [['151', '1', '34'], ['150', '1', '11'], ['153', '1', '0'], ['152', '1', '10908'], ['200', '1', '0'], ['67', '1', '9835'], ['238', '1', '64506'], ['239', '1', '1'], ['66', '1', '23544'], ['178', '1', '1'], ['68', '1', '0'], ['236', '1', '65430'], ['237', '1', '65456'], ['24', '1', '0'], ['21', '1', '5'], ['22', '1', '1'], ['182', '2', '0.5'], ['181', '2', '1.1'], ['146', '1', '5554'], ['147', '1', '12255'], ['144', '1', '1'], ['145', '1', '5964'], ['206', '1', '1513'], ['148', '1', '12671'], ['149', '1', '6590'], ['380', '1', '1'], ['383', '1', '26'], ['384', '1', '27'], ['240', '1', '1'], ['71', '1', '3'], ['70', '2', '30.9'], ['72', '2', '6549.4']]}], 'SD': [], 'B': [], 'M': [], 'I': []}, '359633107878535': {'D': [{'date': '201221', 'time': '121037', 'lat1': '6729.8976', 'lat2': 'N', 'lon1': '06342.1000', 'lon2': 'E', 'speed': '0', 'course': '347', 'height': '210', 'sats': '19', 'hdop': 'NA', 'inputs': 'NA', 'outputs': 'NA', 'adc': 'NA', 'ibutton': 'NA', 'params': [['151', '1', '46'], ['150', '1', '0'], ['153', '1', '8'], ['152', '1', '10523'], ['200', '1', '0'], ['67', '1', '9930'], ['238', '1', '64522'], ['239', '1', '1'], ['66', '1', '23454'], ['178', '1', '1'], ['68', '1', '50'], ['236', '1', '65497'], ['237', '1', '1'], ['24', '1', '0'], ['21', '1', '5'], ['22', '1', '1'], ['182', '2', '0.6'], ['181', '2', '0.9'], ['146', '1', '6174'], ['147', '1', '12122'], ['144', '1', '1'], ['145', '1', '5928'], ['206', '1', '1513'], ['148', '1', '0'], ['149', '1', '6383'], ['380', '1', '1'], ['383', '1', '29'], ['384', '1', '26'], ['240', '1', '1'], ['71', '1', '3'], ['70', '2', '32.3'], ['72', '2', '6551.4']]}], 'SD': [], 'B': [], 'M': [], 'I': []}}
{'359633109072822': {'D': [{'date': '201221', 'time': '121118', 'lat1': '6729.8794', 'lat2': 'N', 'lon1': '06342.0865', 'lon2': 'E', 'speed': '0', 'course': '37', 'height': '205', 'sats': '20', 'hdop': 'NA', 'inputs': 'NA', 'outputs': 'NA', 'adc': 'NA', 'ibutton': 'NA', 'params': [['151', '1', '31'], ['150', '1', '13'], ['153', '1', '2'], ['152', '1', '10816'], ['200', '1', '0'], ['67', '1', '9826'], ['238', '1', '64487'], ['239', '1', '1'], ['66', '1', '23553'], ['178', '1', '1'], ['68', '1', '0'], ['236', '1', '65446'], ['237', '1', '65486'], ['24', '1', '0'], ['21', '1', '5'], ['22', '1', '1'], ['182', '2', '0.5'], ['181', '2', '1.1'], ['146', '1', '5554'], ['147', '1', '12260'], ['144', '1', '1'], ['145', '1', '5964'], ['206', '1', '1513'], ['148', '1', '12671'], ['149', '1', '6494'], ['380', '1', '1'], ['383', '1', '26'], ['384', '1', '27'], ['240', '1', '1'], ['71', '1', '3'], ['70', '2', '30.9'], ['72', '2', '6549.5']]}, {'date': '201221', 'time': '121148', 'lat1': '6729.8794', 'lat2': 'N', 'lon1': '06342.0865', 'lon2': 'E', 'speed': '0', 'course': '37', 'height': '205', 'sats': '21', 'hdop': 'NA', 'inputs': 'NA', 'outputs': 'NA', 'adc': 'NA', 'ibutton': 'NA', 'params': [['151', '1', '39'], ['150', '1', '11'], ['153', '1', '0'], ['152', '1', '10816'], ['200', '1', '0'], ['67', '1', '9822'], ['238', '1', '64475'], ['239', '1', '1'], ['66', '1', '23559'], ['178', '1', '1'], ['68', '1', '0'], ['236', '1', '65470'], ['237', '1', '65458'], ['24', '1', '0'], ['21', '1', '5'], ['22', '1', '1'], ['182', '2', '0.6'], ['181', '2', '1.2'], ['146', '1', '5554'], ['147', '1', '12260'], ['144', '1', '1'], ['145', '1', '5963'], ['206', '1', '1513'], ['148', '1', '12674'], ['149', '1', '6571'], ['380', '1', '1'], ['383', '1', '26'], ['384', '1', '27'], ['240', '1', '1'], ['71', '1', '3'], ['70', '2', '30.9'], ['72', '2', '6549.5']]}], 'SD': [], 'B': [], 'M': [], 'I': []}, '359633107878535': {'D': [{'date': '121121', 'time': '034735', 'lat1': '0000.0000', 'lat2': 'N', 'lon1': '15601.0949', 'lon2': 'W', 'speed': '0', 'course': '56', 'height': '0', 'sats': '8', 'hdop': 'NA', 'inputs': 'NA', 'outputs': 'NA', 'adc': 'NA', 'ibutton': 'NA', 'params': [['205', '1', '17922912683403'], ['51', '1', '3823763697'], ['26547', '1', '2471886848'], ['239', '1', '1'], ['6320', '1', '262343'], ['52824', '1', '563216918230137'], ['41472', '1', '253609890319229794']]}, {'date': '201221', 'time': '121207', 'lat1': '6729.8976', 'lat2': 'N', 'lon1': '06342.1000', 'lon2': 'E', 'speed': '0', 'course': '347', 'height': '210', 'sats': '20', 'hdop': 'NA', 'inputs': 'NA', 'outputs': 'NA', 'adc': 'NA', 'ibutton': 'NA', 'params': [['151', '1', '46'], ['150', '1', '3'], ['153', '1', '8'], ['152', '1', '10629'], ['200', '1', '0'], ['67', '1', '9966'], ['238', '1', '64517'], ['239', '1', '1'], ['66', '1', '23456'], ['178', '1', '1'], ['68', '1', '50'], ['236', '1', '65509'], ['237', '1', '20'], ['24', '1', '0'], ['21', '1', '5'], ['22', '1', '1'], ['182', '2', '0.5'], ['181', '2', '0.9'], ['146', '1', '6173'], ['147', '1', '12119'], ['144', '1', '1'], ['145', '1', '5926'], ['206', '1', '1513'], ['148', '1', '0'], ['149', '1', '6362'], ['380', '1', '1'], ['383', '1', '29'], ['384', '1', '26'], ['240', '1', '1'], ['71', '1', '3'], ['70', '2', '32.4'], ['72', '2', '6551.4']]}, {'date': '121121', 'time': '034629', 'lat1': '0000.0000', 'lat2': 'N', 'lon1': '15601.0949', 'lon2': 'W', 'speed': '0', 'course': '56', 'height': '0', 'sats': '8', 'hdop': 'NA', 'inputs': 'NA', 'outputs': 'NA', 'adc': 'NA', 'ibutton': 'NA', 'params': [['205', '1', '17922912683403'], ['51', '1', '3823763697'], ['26547', '1', '2471886848'], ['239', '1', '1'], ['6320', '1', '262343'], ['52824', '1', '563216918230137'], ['41472', '1', '253609890319229794']]}], 'SD': [], 'B': [], 'M': [], 'I': []}}
{'359633109072822': {'D': [{'date': '201221', 'time': '121218', 'lat1': '6729.8794', 'lat2': 'N', 'lon1': '06342.0865', 'lon2': 'E', 'speed': '0', 'course': '37', 'height': '205', 'sats': '21', 'hdop': 'NA', 'inputs': 'NA', 'outputs': 'NA', 'adc': 'NA', 'ibutton': 'NA', 'params': [['151', '1', '31'], ['150', '1', '13'], ['153', '1', '0'], ['152', '1', '10898'], ['200', '1', '0'], ['67', '1', '9812'], ['238', '1', '64518'], ['239', '1', '1'], ['66', '1', '23559'], ['178', '1', '1'], ['68', '1', '0'], ['236', '1', '65429'], ['237', '1', '65445'], ['24', '1', '0'], ['21', '1', '5'], ['22', '1', '1'], ['182', '2', '0.6'], ['181', '2', '1.2'], ['146', '1', '5554'], ['147', '1', '12257'], ['144', '1', '1'], ['145', '1', '5963'], ['206', '1', '1513'], ['148', '1', '12679'], ['149', '1', '6600'], ['380', '1', '1'], ['383', '1', '26'], ['384', '1', '27'], ['240', '1', '1'], ['71', '1', '3'], ['70', '2', '30.9'], ['72', '2', '6549.5']]}, {'date': '201221', 'time': '121248', 'lat1': '6729.8794', 'lat2': 'N', 'lon1': '06342.0865', 'lon2': 'E', 'speed': '0', 'course': '37', 'height': '205', 'sats': '21', 'hdop': 'NA', 'inputs': 'NA', 'outputs': 'NA', 'adc': 'NA', 'ibutton': 'NA', 'params': [['151', '1', '36'], ['150', '1', '11'], ['153', '1', '0'], ['152', '1', '10908'], ['200', '1', '0'], ['67', '1', '9795'], ['238', '1', '64500'], ['239', '1', '1'], ['66', '1', '23544'], ['178', '1', '1'], ['68', '1', '0'], ['236', '1', '65444'], ['237', '1', '65466'], ['24', '1', '0'], ['21', '1', '5'], ['22', '1', '1'], ['182', '2', '0.6'], ['181', '2', '1.2'], ['146', '1', '5554'], ['147', '1', '12255'], ['144', '1', '1'], ['145', '1', '5963'], ['206', '1', '1513'], ['148', '1', '12674'], ['149', '1', '6539'], ['380', '1', '1'], ['383', '1', '26'], ['384', '1', '27'], ['240', '1', '1'], ['71', '1', '3'], ['70', '2', '30.8'], ['72', '2', '6549.5']]}], 'SD': [], 'B': [], 'M': [], 'I': []}, '359633107878535': {'D': [{'date': '201221', 'time': '121237', 'lat1': '6729.8976', 'lat2': 'N', 'lon1': '06342.1000', 'lon2': 'E', 'speed': '0', 'course': '347', 'height': '210', 'sats': '20', 'hdop': 'NA', 'inputs': 'NA', 'outputs': 'NA', 'adc': 'NA', 'ibutton': 'NA', 'params': [['151', '1', '46'], ['150', '1', '1'], ['153', '1', '8'], ['152', '1', '10632'], ['200', '1', '0'], ['67', '1', '9980'], ['238', '1', '64532'], ['239', '1', '1'], ['66', '1', '23450'], ['178', '1', '1'], ['68', '1', '50'], ['236', '1', '65428'], ['237', '1', '35'], ['24', '1', '0'], ['21', '1', '5'], ['22', '1', '1'], ['182', '2', '0.5'], ['181', '2', '0.9'], ['146', '1', '6172'], ['147', '1', '12122'], ['144', '1', '1'], ['145', '1', '5926'], ['206', '1', '1513'], ['148', '1', '0'], ['149', '1', '6391'], ['380', '1', '1'], ['383', '1', '29'], ['384', '1', '26'], ['240', '1', '1'], ['71', '1', '3'], ['70', '2', '32.4'], ['72', '2', '6551.4']]}, {'date': '201221', 'time': '121307', 'lat1': '6729.8976', 'lat2': 'N', 'lon1': '06342.1000', 'lon2': 'E', 'speed': '0', 'course': '347', 'height': '210', 'sats': '20', 'hdop': 'NA', 'inputs': 'NA', 'outputs': 'NA', 'adc': 'NA', 'ibutton': 'NA', 'params': [['151', '1', '44'], ['150', '1', '0'], ['153', '1', '8'], ['152', '1', '10508'], ['200', '1', '0'], ['67', '1', '9993'], ['238', '1', '64508'], ['239', '1', '1'], ['66', '1', '23454'], ['178', '1', '1'], ['68', '1', '50'], ['236', '1', '65457'], ['237', '1', '3'], ['24', '1', '0'], ['21', '1', '5'], ['22', '1', '1'], ['182', '2', '0.5'], ['181', '2', '0.9'], ['146', '1', '6171'], ['147', '1', '12124'], ['144', '1', '1'], ['145', '1', '5925'], ['206', '1', '1513'], ['148', '1', '0'], ['149', '1', '6375'], ['380', '1', '1'], ['383', '1', '29'], ['384', '1', '26'], ['240', '1', '1'], ['71', '1', '3'], ['70', '2', '32.5'], ['72', '2', '6551.5']]}], 'SD': [], 'B': [], 'M': [], 'I': []}}
{'359633109072822': {'D': [{'date': '121121', 'time': '041915', 'lat1': '6023.2855', 'lat2': 'S', 'lon1': '11043.1859', 'lon2': 'W', 'speed': '0', 'course': '56', 'height': '0', 'sats': '11', 'hdop': 'NA', 'inputs': 'NA', 'outputs': 'NA', 'adc': 'NA', 'ibutton': 'NA', 'params': [['1024', '1', '199'], ['205', '1', '0'], ['10298', '1', '0'], ['37716', '1', '0'], ['4173', '1', '216'], ['218', '1', '0'], ['41472', '1', '803'], ['6531', '1', '0'], ['2', '1', '62'], ['23040', '1', '241'], ['7', '2', '9.3'], ['58210', '1', '26547'], ['3368', '1', '59'], ['10446', '1', '51577'], ['1415', '1', '13282'], ['239', '1', '1']]}, {'date': '201221', 'time': '121348', 'lat1': '6729.8794', 'lat2': 'N', 'lon1': '06342.0865', 'lon2': 'E', 'speed': '0', 'course': '37', 'height': '205', 'sats': '22', 'hdop': 'NA', 'inputs': 'NA', 'outputs': 'NA', 'adc': 'NA', 'ibutton': 'NA', 'params': [['151', '1', '31'], ['150', '1', '11'], ['153', '1', '0'], ['152', '1', '10895'], ['200', '1', '0'], ['67', '1', '9788'], ['238', '1', '64491'], ['239', '1', '1'], ['66', '1', '23565'], ['178', '1', '1'], ['68', '1', '0'], ['236', '1', '65448'], ['237', '1', '65481'], ['24', '1', '0'], ['21', '1', '5'], ['22', '1', '1'], ['182', '2', '0.5'], ['181', '2', '1.1'], ['146', '1', '5554'], ['147', '1', '12260'], ['144', '1', '1'], ['145', '1', '5962'], ['206', '1', '1513'], ['148', '1', '12677'], ['149', '1', '6563'], ['380', '1', '1'], ['383', '1', '26'], ['384', '1', '27'], ['240', '1', '1'], ['71', '1', '3'], ['70', '2', '30.8'], ['72', '2', '6549.6']]}], 'SD': [], 'B': [], 'M': [], 'I': []}, '359633107878535': {'D': [{'date': '201221', 'time': '121337', 'lat1': '6729.8976', 'lat2': 'N', 'lon1': '06342.1000', 'lon2': 'E', 'speed': '0', 'course': '347', 'height': '210', 'sats': '20', 'hdop': 'NA', 'inputs': 'NA', 'outputs': 'NA', 'adc': 'NA', 'ibutton': 'NA', 'params': [['151', '1', '46'], ['150', '1', '1'], ['153', '1', '10'], ['152', '1', '10518'], ['200', '1', '0'], ['67', '1', '10005'], ['238', '1', '64520'], ['239', '1', '1'], ['66', '1', '23455'], ['178', '1', '1'], ['68', '1', '50'], ['236', '1', '65424'], ['237', '1', '31'], ['24', '1', '0'], ['21', '1', '5'], ['22', '1', '1'], ['182', '2', '0.5'], ['181', '2', '0.9'], ['146', '1', '6171'], ['147', '1', '12124'], ['144', '1', '1'], ['145', '1', '5925'], ['206', '1', '1513'], ['148', '1', '0'], ['149', '1', '6399'], ['380', '1', '1'], ['383', '1', '29'], ['384', '1', '26'], ['240', '1', '1'], ['71', '1', '3'], ['70', '2', '32.5'], ['72', '2', '6551.5']]}, {'date': '201221', 'time': '121337', 'lat1': '6729.8976', 'lat2': 'N', 'lon1': '06342.1000', 'lon2': 'E', 'speed': '0', 'course': '347', 'height': '210', 'sats': '20', 'hdop': 'NA', 'inputs': 'NA', 'outputs': 'NA', 'adc': 'NA', 'ibutton': 'NA', 'params': [['10321', '1', '0'], ['10320', '1', '1'], ['10323', '1', '0'], ['10322', '1', '0'], ['10325', '1', '42877'], ['10324', '1', '0'], ['10309', '1', '10764'], ['10308', '1', '10428'], ['10307', '1', '8'], ['10306', '1', '52'], ['10305', '1', '41'], ['10304', '1', '3'], ['10303', '1', '3'], ['10302', '1', '0'], ['10301', '1', '43'], ['10300', '1', '6420'], ['239', '1', '1'], ['10343', '1', '158'], ['10342', '1', '2'], ['10341', '1', '0'], ['10340', '1', '24'], ['10347', '1', '1'], ['10346', '1', '0'], ['10344', '1', '1'], ['10327', '1', '235'], ['10333', '1', '1'], ['10326', '1', '32'], ['10329', '1', '1'], ['10328', '1', '239'], ['10338', '1', '84'], ['10318', '1', '1'], ['10319', '1', '1'], ['10330', '1', '141'], ['10331', '1', '1'], ['10336', '1', '2'], ['10337', '1', '1'], ['10334', '1', '1'], ['10335', '1', '1'], ['10310', '1', '315'], ['10311', '1', '8'], ['10312', '1', '10'], ['10313', '1', '2'], ['10314', '1', '0'], ['10315', '1', '0'], ['10316', '1', '0'], ['10317', '1', '0'], ['10339', '1', '215'], ['10332', '1', '1']]}, {'date': '201221', 'time': '121407', 'lat1': '6729.8976', 'lat2': 'N', 'lon1': '06342.1000', 'lon2': 'E', 'speed': '0', 'course': '347', 'height': '210', 'sats': '20', 'hdop': 'NA', 'inputs': 'NA', 'outputs': 'NA', 'adc': 'NA', 'ibutton': 'NA', 'params': [['151', '1', '46'], ['150', '1', '1'], ['153', '1', '8'], ['152', '1', '10690'], ['200', '1', '0'], ['67', '1', '10014'], ['238', '1', '64515'], ['239', '1', '1'], ['66', '1', '23461'], ['178', '1', '1'], ['68', '1', '50'], ['236', '1', '65452'], ['237', '1', '50'], ['24', '1', '0'], ['21', '1', '5'], ['22', '1', '1'], ['182', '2', '0.5'], ['181', '2', '0.9'], ['146', '1', '6170'], ['147', '1', '12127'], ['144', '1', '1'], ['145', '1', '5924'], ['206', '1', '1513'], ['148', '1', '0'], ['149', '1', '6378'], ['380', '1', '1'], ['383', '1', '29'], ['384', '1', '26'], ['240', '1', '1'], ['71', '1', '3'], ['70', '2', '32.5'], ['72', '2', '6551.5']]}], 'SD': [], 'B': [], 'M': [], 'I': []}}
{'359633109072822': {'D': [{'date': '201221', 'time': '121418', 'lat1': '6729.8794', 'lat2': 'N', 'lon1': '06342.0865', 'lon2': 'E', 'speed': '0', 'course': '37', 'height': '205', 'sats': '22', 'hdop': 'NA', 'inputs': 'NA', 'outputs': 'NA', 'adc': 'NA', 'ibutton': 'NA', 'params': [['151', '1', '36'], ['150', '1', '11'], ['153', '1', '0'], ['152', '1', '10819'], ['200', '1', '0'], ['67', '1', '9783'], ['238', '1', '64493'], ['239', '1', '1'], ['66', '1', '23551'], ['178', '1', '1'], ['68', '1', '0'], ['236', '1', '65471'], ['237', '1', '65481'], ['24', '1', '0'], ['21', '1', '5'], ['22', '1', '1'], ['182', '2', '0.5'], ['181', '2', '1.1'], ['146', '1', '5554'], ['147', '1', '12263'], ['144', '1', '1'], ['145', '1', '5962'], ['206', '1', '1513'], ['148', '1', '12679'], ['149', '1', '6584'], ['380', '1', '1'], ['383', '1', '26'], ['384', '1', '27'], ['240', '1', '1'], ['71', '1', '3'], ['70', '2', '30.9'], ['72', '2', '6549.6']]}, {'date': '201221', 'time': '121448', 'lat1': '6729.8794', 'lat2': 'N', 'lon1': '06342.0865', 'lon2': 'E', 'speed': '0', 'course': '37', 'height': '205', 'sats': '22', 'hdop': 'NA', 'inputs': 'NA', 'outputs': 'NA', 'adc': 'NA', 'ibutton': 'NA', 'params': [['151', '1', '42'], ['150', '1', '13'], ['153', '1', '2'], ['152', '1', '10821'], ['200', '1', '0'], ['67', '1', '9782'], ['238', '1', '64501'], ['239', '1', '1'], ['66', '1', '23550'], ['178', '1', '1'], ['68', '1', '0'], ['236', '1', '65418'], ['237', '1', '65426'], ['24', '1', '0'], ['21', '1', '5'], ['22', '1', '1'], ['182', '2', '0.5'], ['181', '2', '1.1'], ['146', '1', '5554'], ['147', '1', '12257'], ['144', '1', '1'], ['145', '1', '5961'], ['206', '1', '1513'], ['148', '1', '12679'], ['149', '1', '6555'], ['380', '1', '1'], ['383', '1', '26'], ['384', '1', '27'], ['240', '1', '1'], ['71', '1', '3'], ['70', '2', '30.8'], ['72', '2', '6549.5']]}, {'date': '201221', 'time': '121518', 'lat1': '6729.8794', 'lat2': 'N', 'lon1': '06342.0865', 'lon2': 'E', 'speed': '0', 'course': '37', 'height': '205', 'sats': '22', 'hdop': 'NA', 'inputs': 'NA', 'outputs': 'NA', 'adc': 'NA', 'ibutton': 'NA', 'params': [['151', '1', '36'], ['150', '1', '11'], ['153', '1', '0'], ['152', '1', '10808'], ['200', '1', '0'], ['67', '1', '9770'], ['238', '1', '64500'], ['239', '1', '1'], ['66', '1', '23553'], ['178', '1', '1'], ['68', '1', '0'], ['236', '1', '65469'], ['237', '1', '65501'], ['24', '1', '0'], ['21', '1', '5'], ['22', '1', '0'], ['182', '2', '0.5'], ['181', '2', '1.1'], ['146', '1', '5554'], ['147', '1', '12260'], ['144', '1', '1'], ['145', '1', '5961'], ['206', '1', '1513'], ['148', '1', '12677'], ['149', '1', '6561'], ['380', '1', '1'], ['383', '1', '26'], ['384', '1', '27'], ['240', '1', '0'], ['71', '1', '3'], ['70', '2', '30.8'], ['72', '2', '6549.6']]}], 'SD': [], 'B': [], 'M': [], 'I': []}, '359633107878535': {'D': [{'date': '121121', 'time': '034524', 'lat1': '0000.0000', 'lat2': 'N', 'lon1': '16103.0848', 'lon2': 'W', 'speed': '0', 'course': '56', 'height': '0', 'sats': '8', 'hdop': 'NA', 'inputs': 'NA', 'outputs': 'NA', 'adc': 'NA', 'ibutton': 'NA', 'params': [['205', '1', '17922912683403'], ['6367', '1', '262343'], ['51', '1', '3823763697'], ['26547', '1', '2471886848'], ['239', '1', '1'], ['52824', '1', '563216918230137'], ['41472', '1', '253609890319229794']]}, {'date': '121121', 'time': '034524', 'lat1': '0000.0000', 'lat2': 'N', 'lon1': '16243.7481', 'lon2': 'W', 'speed': '0', 'course': '56', 'height': '0', 'sats': '8', 'hdop': 'NA', 'inputs': 'NA', 'outputs': 'NA', 'adc': 'NA', 'ibutton': 'NA', 'params': [['205', '1', '17922912683403'], ['51', '1', '3823763697'], ['26547', '1', '2471886848'], ['239', '1', '1'], ['6370', '1', '262343'], ['52824', '1', '563216918230137'], ['41472', '1', '253609890319229794']]}], 'SD': [], 'B': [], 'M': [], 'I': []}}
{'359633109072822': {'D': [{'date': '121121', 'time': '041810', 'lat1': '5159.9690', 'lat2': 'S', 'lon1': '11223.8492', 'lon2': 'W', 'speed': '0', 'course': '56', 'height': '0', 'sats': '11', 'hdop': 'NA', 'inputs': 'NA', 'outputs': 'NA', 'adc': 'NA', 'ibutton': 'NA', 'params': [['1024', '1', '199'], ['205', '1', '0'], ['10298', '1', '0'], ['37716', '1', '0'], ['239', '1', '1'], ['4173', '1', '216'], ['41472', '1', '803'], ['218', '1', '0'], ['2856', '1', '59'], ['2', '1', '62'], ['23040', '1', '241'], ['7', '2', '9.3'], ['58210', '1', '26547'], ['10446', '1', '51577'], ['1415', '1', '13282'], ['6516', '1', '0']]}, {'date': '201221', 'time': '121618', 'lat1': '6729.8794', 'lat2': 'N', 'lon1': '06342.0865', 'lon2': 'E', 'speed': '0', 'course': '37', 'height': '205', 'sats': '22', 'hdop': 'NA', 'inputs': 'NA', 'outputs': 'NA', 'adc': 'NA', 'ibutton': 'NA', 'params': [['151', '1', '39'], ['150', '1', '11'], ['153', '1', '0'], ['152', '1', '10845'], ['200', '1', '0'], ['67', '1', '9760'], ['238', '1', '64496'], ['239', '1', '1'], ['66', '1', '23557'], ['178', '1', '1'], ['68', '1', '0'], ['236', '1', '65462'], ['237', '1', '65442'], ['24', '1', '0'], ['21', '1', '5'], ['22', '1', '1'], ['182', '2', '0.5'], ['181', '2', '1.1'], ['146', '1', '5553'], ['147', '1', '12263'], ['144', '1', '1'], ['145', '1', '5960'], ['206', '1', '1513'], ['148', '1', '12677'], ['149', '1', '6579'], ['380', '1', '1'], ['383', '1', '26'], ['384', '1', '27'], ['240', '1', '1'], ['71', '1', '3'], ['70', '2', '30.8'], ['72', '2', '6549.6']]}, {'date': '201221', 'time': '121618', 'lat1': '6729.8794', 'lat2': 'N', 'lon1': '06342.0865', 'lon2': 'E', 'speed': '0', 'course': '37', 'height': '205', 'sats': '22', 'hdop': 'NA', 'inputs': 'NA', 'outputs': 'NA', 'adc': 'NA', 'ibutton': 'NA', 'params': [['151', '1', '39'], ['150', '1', '11'], ['153', '1', '0'], ['152', '1', '10845'], ['200', '1', '0'], ['67', '1', '9760'], ['238', '1', '64496'], ['239', '1', '1'], ['66', '1', '23557'], ['178', '1', '1'], ['68', '1', '0'], ['236', '1', '65462'], ['237', '1', '65442'], ['24', '1', '0'], ['21', '1', '5'], ['22', '1', '1'], ['182', '2', '0.5'], ['181', '2', '1.1'], ['146', '1', '5553'], ['147', '1', '12263'], ['144', '1', '1'], ['145', '1', '5960'], ['206', '1', '1513'], ['148', '1', '12677'], ['149', '1', '6579'], ['380', '1', '1'], ['383', '1', '26'], ['384', '1', '27'], ['240', '1', '1'], ['71', '1', '3'], ['70', '2', '30.8'], ['72', '2', '6549.6']]}], 'SD': [], 'B': [], 'M': [], 'I': []}, '359633107878535': {'D': [{'date': '121121', 'time': '034418', 'lat1': '0000.0000', 'lat2': 'N', 'lon1': '16243.7481', 'lon2': 'W', 'speed': '0', 'course': '56', 'height': '0', 'sats': '8', 'hdop': 'NA', 'inputs': 'NA', 'outputs': 'NA', 'adc': 'NA', 'ibutton': 'NA', 'params': [['205', '1', '17922912683403'], ['51', '1', '3823763697'], ['26547', '1', '2471886848'], ['239', '1', '1'], ['6370', '1', '262343'], ['52824', '1', '563216918230137'], ['41472', '1', '253609890319229794']]}, {'date': '201221', 'time': '121507', 'lat1': '6729.8976', 'lat2': 'N', 'lon1': '06342.1000', 'lon2': 'E', 'speed': '0', 'course': '347', 'height': '210', 'sats': '20', 'hdop': 'NA', 'inputs': 'NA', 'outputs': 'NA', 'adc': 'NA', 'ibutton': 'NA', 'params': [['10321', '1', '0'], ['10320', '1', '1'], ['10323', '1', '0'], ['10322', '1', '0'], ['10325', '1', '47741'], ['10324', '1', '0'], ['10309', '1', '10759'], ['10308', '1', '10428'], ['10307', '1', '8'], ['10306', '1', '49'], ['10305', '1', '41'], ['10304', '1', '3'], ['10303', '1', '3'], ['10302', '1', '0'], ['10301', '1', '45'], ['10300', '1', '6423'], ['239', '1', '1'], ['10343', '1', '157'], ['10342', '1', '2'], ['10341', '1', '0'], ['10340', '1', '23'], ['10347', '1', '1'], ['10346', '1', '0'], ['10344', '1', '1'], ['10327', '1', '235'], ['10333', '1', '1'], ['10326', '1', '32'], ['10329', '1', '1'], ['10328', '1', '239'], ['10338', '1', '84'], ['10318', '1', '1'], ['10319', '1', '1'], ['10330', '1', '141'], ['10331', '1', '1'], ['10336', '1', '2'], ['10337', '1', '1'], ['10334', '1', '1'], ['10335', '1', '1'], ['10310', '1', '312'], ['10311', '1', '8'], ['10312', '1', '10'], ['10313', '1', '2'], ['10314', '1', '0'], ['10315', '1', '0'], ['10316', '1', '0'], ['10317', '1', '0'], ['10339', '1', '215'], ['10332', '1', '1']]}, {'date': '201221', 'time': '121537', 'lat1': '6729.8976', 'lat2': 'N', 'lon1': '06342.1000', 'lon2': 'E', 'speed': '0', 'course': '347', 'height': '210', 'sats': '20', 'hdop': 'NA', 'inputs': 'NA', 'outputs': 'NA', 'adc': 'NA', 'ibutton': 'NA', 'params': [['151', '1', '46'], ['150', '1', '1'], ['153', '1', '8'], ['152', '1', '10547'], ['200', '1', '0'], ['67', '1', '10042'], ['238', '1', '64508'], ['239', '1', '1'], ['66', '1', '23452'], ['178', '1', '1'], ['68', '1', '50'], ['236', '1', '65457'], ['237', '1', '6'], ['24', '1', '0'], ['21', '1', '5'], ['22', '1', '1'], ['182', '2', '0.5'], ['181', '2', '0.9'], ['146', '1', '6168'], ['147', '1', '12127'], ['144', '1', '1'], ['145', '1', '5923'], ['206', '1', '1513'], ['148', '1', '0'], ['149', '1', '6370'], ['380', '1', '1'], ['383', '1', '29'], ['384', '1', '26'], ['240', '1', '1'], ['71', '1', '3'], ['70', '2', '32.7'], ['72', '2', '6551.5']]}, {'date': '121121', 'time': '034313', 'lat1': '0000.0000', 'lat2': 'N', 'lon1': '16424.4114', 'lon2': 'W', 'speed': '0', 'course': '56', 'height': '0', 'sats': '8', 'hdop': 'NA', 'inputs': 'NA', 'outputs': 'NA', 'adc': 'NA', 'ibutton': 'NA', 'params': [['205', '1', '17922912683403'], ['51', '1', '3823763697'], ['26547', '1', '2471886848'], ['239', '1', '1'], ['6370', '1', '262343'], ['52824', '1', '563216918230137'], ['41472', '1', '253609890319229794']]}], 'SD': [], 'B': [], 'M': [], 'I': []}}
{'359633109072822': {'D': [{'date': '201221', 'time': '121648', 'lat1': '6729.8794', 'lat2': 'N', 'lon1': '06342.0865', 'lon2': 'E', 'speed': '0', 'course': '37', 'height': '205', 'sats': '20', 'hdop': 'NA', 'inputs': 'NA', 'outputs': 'NA', 'adc': 'NA', 'ibutton': 'NA', 'params': [['151', '1', '39'], ['150', '1', '11'], ['153', '1', '2'], ['152', '1', '10829'], ['200', '1', '0'], ['67', '1', '9756'], ['238', '1', '64513'], ['239', '1', '1'], ['66', '1', '23562'], ['178', '1', '1'], ['68', '1', '0'], ['236', '1', '65446'], ['237', '1', '65443'], ['24', '1', '0'], ['21', '1', '5'], ['22', '1', '1'], ['182', '2', '0.6'], ['181', '2', '1.2'], ['146', '1', '5553'], ['147', '1', '12265'], ['144', '1', '1'], ['145', '1', '5960'], ['206', '1', '1513'], ['148', '1', '12679'], ['149', '1', '6590'], ['380', '1', '1'], ['383', '1', '26'], ['384', '1', '27'], ['240', '1', '1'], ['71', '1', '3'], ['70', '2', '30.8'], ['72', '2', '6549.6']]}, {'date': '201221', 'time': '121718', 'lat1': '6729.8794', 'lat2': 'N', 'lon1': '06342.0865', 'lon2': 'E', 'speed': '0', 'course': '37', 'height': '205', 'sats': '21', 'hdop': 'NA', 'inputs': 'NA', 'outputs': 'NA', 'adc': 'NA', 'ibutton': 'NA', 'params': [['151', '1', '34'], ['150', '1', '13'], ['153', '1', '0'], ['152', '1', '10834'], ['200', '1', '0'], ['67', '1', '9753'], ['238', '1', '64502'], ['239', '1', '1'], ['66', '1', '23559'], ['178', '1', '1'], ['68', '1', '0'], ['236', '1', '65433'], ['237', '1', '65454'], ['24', '1', '0'], ['21', '1', '5'], ['22', '1', '1'], ['182', '2', '0.5'], ['181', '2', '1.2'], ['146', '1', '5553'], ['147', '1', '12263'], ['144', '1', '1'], ['145', '1', '5959'], ['206', '1', '1513'], ['148', '1', '12679'], ['149', '1', '6584'], ['380', '1', '1'], ['383', '1', '26'], ['384', '1', '27'], ['240', '1', '1'], ['71', '1', '3'], ['70', '2', '30.7'], ['72', '2', '6549.6']]}], 'SD': [], 'B': [], 'M': [], 'I': []}, '359633107878535': {'D': [{'date': '201221', 'time': '121637', 'lat1': '6729.8976', 'lat2': 'N', 'lon1': '06342.1000', 'lon2': 'E', 'speed': '0', 'course': '347', 'height': '210', 'sats': '20', 'hdop': 'NA', 'inputs': 'NA', 'outputs': 'NA', 'adc': 'NA', 'ibutton': 'NA', 'params': [['10321', '1', '0'], ['10320', '1', '1'], ['10323', '1', '0'], ['10322', '1', '0'], ['10325', '1', '52349'], ['10324', '1', '0'], ['10309', '1', '10775'], ['10308', '1', '10431'], ['10307', '1', '8'], ['10306', '1', '49'], ['10305', '1', '41'], ['10304', '1', '3'], ['10303', '1', '3'], ['10302', '1', '0'], ['10301', '1', '45'], ['10300', '1', '6420'], ['239', '1', '1'], ['10343', '1', '157'], ['10342', '1', '2'], ['10341', '1', '0'], ['10340', '1', '24'], ['10347', '1', '1'], ['10346', '1', '0'], ['10344', '1', '1'], ['10327', '1', '235'], ['10333', '1', '1'], ['10326', '1', '32'], ['10329', '1', '1'], ['10328', '1', '239'], ['10338', '1', '84'], ['10318', '1', '1'], ['10319', '1', '1'], ['10330', '1', '141'], ['10331', '1', '1'], ['10336', '1', '2'], ['10337', '1', '1'], ['10334', '1', '1'], ['10335', '1', '1'], ['10310', '1', '323'], ['10311', '1', '8'], ['10312', '1', '10'], ['10313', '1', '2'], ['10314', '1', '0'], ['10315', '1', '0'], ['10316', '1', '0'], ['10317', '1', '0'], ['10339', '1', '215'], ['10332', '1', '1']]}, {'date': '201221', 'time': '121707', 'lat1': '6729.8976', 'lat2': 'N', 'lon1': '06342.1000', 'lon2': 'E', 'speed': '0', 'course': '347', 'height': '210', 'sats': '21', 'hdop': 'NA', 'inputs': 'NA', 'outputs': 'NA', 'adc': 'NA', 'ibutton': 'NA', 'params': [['151', '1', '46'], ['150', '1', '0'], ['153', '1', '8'], ['152', '1', '10698'], ['200', '1', '0'], ['67', '1', '10068'], ['238', '1', '64525'], ['239', '1', '1'], ['66', '1', '23455'], ['178', '1', '1'], ['68', '1', '49'], ['236', '1', '65516'], ['237', '1', '65522'], ['24', '1', '0'], ['21', '1', '5'], ['22', '1', '1'], ['182', '2', '0.5'], ['181', '2', '0.8'], ['146', '1', '6166'], ['147', '1', '12132'], ['144', '1', '1'], ['145', '1', '5922'], ['206', '1', '1513'], ['148', '1', '0'], ['149', '1', '6388'], ['380', '1', '1'], ['383', '1', '29'], ['384', '1', '26'], ['240', '1', '1'], ['71', '1', '3'], ['70', '2', '32.7'], ['72', '2', '6551.5']]}], 'SD': [], 'B': [], 'M': [], 'I': []}}
{'359633109072822': {'D': [{'date': '121121', 'time': '041704', 'lat1': '5159.9690', 'lat2': 'S', 'lon1': '11223.8492', 'lon2': 'W', 'speed': '0', 'course': '56', 'height': '0', 'sats': '8', 'hdop': 'NA', 'inputs': 'NA', 'outputs': 'NA', 'adc': 'NA', 'ibutton': 'NA', 'params': [['6518', '1', '0'], ['1024', '1', '199'], ['205', '1', '0'], ['10298', '1', '0'], ['37716', '1', '0'], ['4173', '1', '216'], ['3624', '1', '59'], ['218', '1', '0'], ['41472', '1', '803'], ['2', '1', '62'], ['23040', '1', '241'], ['7', '2', '9.3'], ['58210', '1', '26547'], ['10446', '1', '51577'], ['1415', '1', '13282'], ['239', '1', '1']]}, {'date': '121121', 'time': '041559', 'lat1': '4657.9791', 'lat2': 'S', 'lon1': '11223.8492', 'lon2': 'W', 'speed': '0', 'course': '56', 'height': '0', 'sats': '8', 'hdop': 'NA', 'inputs': 'NA', 'outputs': 'NA', 'adc': 'NA', 'ibutton': 'NA', 'params': [['1024', '1', '199'], ['6508', '1', '0'], ['205', '1', '0'], ['10298', '1', '0'], ['37716', '1', '0'], ['4173', '1', '216'], ['41472', '1', '803'], ['218', '1', '0'], ['2856', '1', '59'], ['2', '1', '62'], ['23040', '1', '241'], ['7', '2', '9.3'], ['58210', '1', '26547'], ['10446', '1', '51577'], ['1415', '1', '13282'], ['239', '1', '1']]}, {'date': '201221', 'time': '121818', 'lat1': '6729.8794', 'lat2': 'N', 'lon1': '06342.0865', 'lon2': 'E', 'speed': '0', 'course': '37', 'height': '205', 'sats': '20', 'hdop': 'NA', 'inputs': 'NA', 'outputs': 'NA', 'adc': 'NA', 'ibutton': 'NA', 'params': [['151', '1', '36'], ['150', '1', '11'], ['153', '1', '0'], ['152', '1', '10826'], ['200', '1', '0'], ['67', '1', '9746'], ['238', '1', '64497'], ['239', '1', '1'], ['66', '1', '23553'], ['178', '1', '1'], ['68', '1', '0'], ['236', '1', '65443'], ['237', '1', '65448'], ['24', '1', '0'], ['21', '1', '5'], ['22', '1', '1'], ['182', '2', '0.5'], ['181', '2', '1.2'], ['146', '1', '5553'], ['147', '1', '12265'], ['144', '1', '1'], ['145', '1', '5958'], ['206', '1', '1513'], ['148', '1', '12679'], ['149', '1', '6574'], ['380', '1', '1'], ['383', '1', '26'], ['384', '1', '27'], ['240', '1', '1'], ['71', '1', '3'], ['70', '2', '30.8'], ['72', '2', '6549.6']]}], 'SD': [], 'B': [], 'M': [], 'I': []}, '359633107878535': {'D': [{'date': '201221', 'time': '121737', 'lat1': '6729.8976', 'lat2': 'N', 'lon1': '06342.1000', 'lon2': 'E', 'speed': '0', 'course': '347', 'height': '210', 'sats': '21', 'hdop': 'NA', 'inputs': 'NA', 'outputs': 'NA', 'adc': 'NA', 'ibutton': 'NA', 'params': [['151', '1', '44'], ['150', '1', '1'], ['153', '1', '8'], ['152', '1', '10550'], ['200', '1', '0'], ['67', '1', '10074'], ['238', '1', '64507'], ['239', '1', '1'], ['66', '1', '23444'], ['178', '1', '1'], ['68', '1', '49'], ['236', '1', '65478'], ['237', '1', '33'], ['24', '1', '0'], ['21', '1', '5'], ['22', '1', '1'], ['182', '2', '0.5'], ['181', '2', '0.8'], ['146', '1', '6165'], ['147', '1', '12129'], ['144', '1', '1'], ['145', '1', '5921'], ['206', '1', '1513'], ['148', '1', '0'], ['149', '1', '6383'], ['380', '1', '1'], ['383', '1', '29'], ['384', '1', '26'], ['240', '1', '1'], ['71', '1', '3'], ['70', '2', '32.9'], ['72', '2', '6551.5']]}], 'SD': [], 'B': [], 'M': [], 'I': []}}
{'359633109072822': {'D': [{'date': '201221', 'time': '121848', 'lat1': '6729.8794', 'lat2': 'N', 'lon1': '06342.0865', 'lon2': 'E', 'speed': '0', 'course': '37', 'height': '205', 'sats': '21', 'hdop': 'NA', 'inputs': 'NA', 'outputs': 'NA', 'adc': 'NA', 'ibutton': 'NA', 'params': [['151', '1', '39'], ['150', '1', '13'], ['153', '1', '0'], ['152', '1', '10874'], ['200', '1', '0'], ['67', '1', '9742'], ['238', '1', '64508'], ['239', '1', '1'], ['66', '1', '23551'], ['178', '1', '1'], ['68', '1', '0'], ['236', '1', '65454'], ['237', '1', '65443'], ['24', '1', '0'], ['21', '1', '5'], ['22', '1', '1'], ['182', '2', '0.5'], ['181', '2', '1.2'], ['146', '1', '5553'], ['147', '1', '12270'], ['144', '1', '1'], ['145', '1', '5958'], ['206', '1', '1513'], ['148', '1', '12679'], ['149', '1', '6542'], ['380', '1', '1'], ['383', '1', '26'], ['384', '1', '27'], ['240', '1', '1'], ['71', '1', '3'], ['70', '2', '30.8'], ['72', '2', '6549.6']]}], 'SD': [], 'B': [], 'M': [], 'I': []}, '359633107878535': {'D': [{'date': '121121', 'time': '034207', 'lat1': '0000.0000', 'lat2': 'N', 'lon1': '16745.7380', 'lon2': 'W', 'speed': '0', 'course': '56', 'height': '0', 'sats': '8', 'hdop': 'NA', 'inputs': 'NA', 'outputs': 'NA', 'adc': 'NA', 'ibutton': 'NA', 'params': [['205', '1', '17922912683403'], ['6367', '1', '262343'], ['51', '1', '3823763697'], ['26547', '1', '2471886848'], ['239', '1', '1'], ['52824', '1', '563216918230137'], ['41472', '1', '253609890319229794']]}], 'SD': [], 'B': [], 'M': [], 'I': []}}
{'359633109072822': {'D': [{'date': '201221', 'time': '121918', 'lat1': '6729.8794', 'lat2': 'N', 'lon1': '06342.0865', 'lon2': 'E', 'speed': '0', 'course': '37', 'height': '205', 'sats': '22', 'hdop': 'NA', 'inputs': 'NA', 'outputs': 'NA', 'adc': 'NA', 'ibutton': 'NA', 'params': [['151', '1', '34'], ['150', '1', '11'], ['153', '1', '0'], ['152', '1', '10855'], ['200', '1', '0'], ['67', '1', '9737'], ['238', '1', '64495'], ['239', '1', '1'], ['66', '1', '23557'], ['178', '1', '1'], ['68', '1', '0'], ['236', '1', '65468'], ['237', '1', '65452'], ['24', '1', '0'], ['21', '1', '5'], ['22', '1', '1'], ['182', '2', '0.5'], ['181', '2', '1.2'], ['146', '1', '5553'], ['147', '1', '12268'], ['144', '1', '1'], ['145', '1', '5957'], ['206', '1', '1513'], ['148', '1', '12677'], ['149', '1', '6576'], ['380', '1', '1'], ['383', '1', '26'], ['384', '1', '27'], ['240', '1', '1'], ['71', '1', '3'], ['70', '2', '30.7'], ['72', '2', '6549.6']]}, {'date': '121121', 'time': '041453', 'lat1': '4657.9791', 'lat2': 'S', 'lon1': '11223.8492', 'lon2': 'W', 'speed': '0', 'course': '56', 'height': '0', 'sats': '8', 'hdop': 'NA', 'inputs': 'NA', 'outputs': 'NA', 'adc': 'NA', 'ibutton': 'NA', 'params': [['1024', '1', '199'], ['205', '1', '0'], ['10298', '1', '0'], ['37716', '1', '0'], ['239', '1', '1'], ['4173', '1', '216'], ['218', '1', '0'], ['41472', '1', '803'], ['2', '1', '62'], ['23040', '1', '241'], ['7', '2', '9.3'], ['58210', '1', '26547'], ['2600', '1', '59'], ['10446', '1', '51577'], ['1415', '1', '13282'], ['6542', '1', '0']]}], 'SD': [], 'B': [], 'M': [], 'I': []}, '359633107878535': {'D': [{'date': '201221', 'time': '121907', 'lat1': '6729.8976', 'lat2': 'N', 'lon1': '06342.1000', 'lon2': 'E', 'speed': '0', 'course': '347', 'height': '210', 'sats': '21', 'hdop': 'NA', 'inputs': 'NA', 'outputs': 'NA', 'adc': 'NA', 'ibutton': 'NA', 'params': [['10321', '1', '0'], ['10320', '1', '1'], ['10323', '1', '0'], ['10322', '1', '0'], ['10325', '1', '60541'], ['10324', '1', '0'], ['10309', '1', '10780'], ['10308', '1', '10431'], ['10307', '1', '8'], ['10306', '1', '52'], ['10305', '1', '41'], ['10304', '1', '6'], ['10303', '1', '6'], ['10302', '1', '0'], ['10301', '1', '42'], ['10300', '1', '6418'], ['239', '1', '1'], ['10343', '1', '159'], ['10342', '1', '2'], ['10341', '1', '0'], ['10340', '1', '23'], ['10347', '1', '1'], ['10346', '1', '0'], ['10344', '1', '2'], ['10327', '1', '236'], ['10333', '1', '1'], ['10326', '1', '32'], ['10329', '1', '1'], ['10328', '1', '239'], ['10338', '1', '84'], ['10318', '1', '1'], ['10319', '1', '1'], ['10330', '1', '141'], ['10331', '1', '1'], ['10336', '1', '2'], ['10337', '1', '1'], ['10334', '1', '1'], ['10335', '1', '1'], ['10310', '1', '336'], ['10311', '1', '8'], ['10312', '1', '10'], ['10313', '1', '2'], ['10314', '1', '0'], ['10315', '1', '0'], ['10316', '1', '0'], ['10317', '1', '0'], ['10339', '1', '215'], ['10332', '1', '1']]}, {'date': '201221', 'time': '121937', 'lat1': '6729.8976', 'lat2': 'N', 'lon1': '06342.1000', 'lon2': 'E', 'speed': '0', 'course': '347', 'height': '210', 'sats': '21', 'hdop': 'NA', 'inputs': 'NA', 'outputs': 'NA', 'adc': 'NA', 'ibutton': 'NA', 'params': [['151', '1', '44'], ['150', '1', '0'], ['153', '1', '8'], ['152', '1', '10481'], ['200', '1', '0'], ['67', '1', '10092'], ['238', '1', '64482'], ['239', '1', '1'], ['66', '1', '23460'], ['178', '1', '1'], ['68', '1', '49'], ['236', '1', '65515'], ['237', '1', '65533'], ['24', '1', '0'], ['21', '1', '5'], ['22', '1', '1'], ['182', '2', '0.5'], ['181', '2', '1.1'], ['146', '1', '6163'], ['147', '1', '12132'], ['144', '1', '1'], ['145', '1', '5919'], ['206', '1', '1513'], ['148', '1', '0'], ['149', '1', '6399'], ['380', '1', '1'], ['383', '1', '29'], ['384', '1', '26'], ['240', '1', '1'], ['71', '1', '3'], ['70', '2', '33.0'], ['72', '2', '6551.6']]}, {'date': '121121', 'time': '034102', 'lat1': '0000.0000', 'lat2': 'N', 'lon1': '16926.4013', 'lon2': 'W', 'speed': '0', 'course': '56', 'height': '0', 'sats': '8', 'hdop': 'NA', 'inputs': 'NA', 'outputs': 'NA', 'adc': 'NA', 'ibutton': 'NA', 'params': [['205', '1', '17922912683403'], ['51', '1', '3823763697'], ['6359', '1', '262343'], ['26547', '1', '2471886848'], ['239', '1', '1'], ['52824', '1', '563216918230137'], ['41472', '1', '253609890319229794'], ['cntM', '2', '11112.36909'], ['cntD', '2', '110689894.259']]}], 'SD': [], 'B': [], 'M': [], 'I': []}}
{'359633109072822': {'D': [{'date': '201221', 'time': '122018', 'lat1': '6729.8794', 'lat2': 'N', 'lon1': '06342.0865', 'lon2': 'E', 'speed': '0', 'course': '37', 'height': '205', 'sats': '22', 'hdop': 'NA', 'inputs': 'NA', 'outputs': 'NA', 'adc': 'NA', 'ibutton': 'NA', 'params': [['151', '1', '36'], ['150', '1', '11'], ['153', '1', '0'], ['152', '1', '10808'], ['200', '1', '0'], ['67', '1', '9727'], ['238', '1', '64507'], ['239', '1', '1'], ['66', '1', '23559'], ['178', '1', '1'], ['68', '1', '0'], ['236', '1', '65431'], ['237', '1', '65433'], ['24', '1', '0'], ['21', '1', '5'], ['22', '1', '1'], ['182', '2', '0.5'], ['181', '2', '0.9'], ['146', '1', '5553'], ['147', '1', '12268'], ['144', '1', '1'], ['145', '1', '5956'], ['206', '1', '1513'], ['148', '1', '12685'], ['149', '1', '6553'], ['380', '1', '1'], ['383', '1', '26'], ['384', '1', '27'], ['240', '1', '1'], ['71', '1', '3'], ['70', '2', '30.7'], ['72', '2', '6549.6']]}, {'date': '201221', 'time': '122048', 'lat1': '6729.8794', 'lat2': 'N', 'lon1': '06342.0865', 'lon2': 'E', 'speed': '0', 'course': '37', 'height': '205', 'sats': '22', 'hdop': 'NA', 'inputs': 'NA', 'outputs': 'NA', 'adc': 'NA', 'ibutton': 'NA', 'params': [['151', '1', '34'], ['150', '1', '11'], ['153', '1', '0'], ['152', '1', '10842'], ['200', '1', '0'], ['67', '1', '9725'], ['238', '1', '64504'], ['239', '1', '1'], ['66', '1', '23557'], ['178', '1', '1'], ['68', '1', '0'], ['236', '1', '65443'], ['237', '1', '65462'], ['24', '1', '0'], ['21', '1', '5'], ['22', '1', '1'], ['182', '2', '0.5'], ['181', '2', '0.9'], ['146', '1', '5553'], ['147', '1', '12268'], ['144', '1', '1'], ['145', '1', '5956'], ['206', '1', '1513'], ['148', '1', '12682'], ['149', '1', '6574'], ['380', '1', '1'], ['383', '1', '26'], ['384', '1', '27'], ['240', '1', '1'], ['71', '1', '3'], ['70', '2', '30.7'], ['72', '2', '6549.6']]}, {'date': '201221', 'time': '122118', 'lat1': '6729.8794', 'lat2': 'N', 'lon1': '06342.0865', 'lon2': 'E', 'speed': '0', 'course': '37', 'height': '205', 'sats': '22', 'hdop': 'NA', 'inputs': 'NA', 'outputs': 'NA', 'adc': 'NA', 'ibutton': 'NA', 'params': [['151', '1', '34'], ['150', '1', '13'], ['153', '1', '0'], ['152', '1', '10871'], ['200', '1', '0'], ['67', '1', '9723'], ['238', '1', '64497'], ['239', '1', '1'], ['66', '1', '23549'], ['178', '1', '1'], ['68', '1', '0'], ['236', '1', '65460'], ['237', '1', '65430'], ['24', '1', '0'], ['21', '1', '5'], ['22', '1', '0'], ['182', '2', '0.5'], ['181', '2', '0.9'], ['146', '1', '5553'], ['147', '1', '12270'], ['144', '1', '1'], ['145', '1', '5955'], ['206', '1', '1513'], ['148', '1', '12682'], ['149', '1', '6550'], ['380', '1', '1'], ['383', '1', '26'], ['384', '1', '27'], ['240', '1', '0'], ['71', '1', '3'], ['70', '2', '30.6'], ['72', '2', '6549.6']]}], 'SD': [], 'B': [], 'M': [], 'I': []}, '359633107878535': {'D': [{'date': '121121', 'time': '033956', 'lat1': '0000.0000', 'lat2': 'N', 'lon1': '16926.4013', 'lon2': 'W', 'speed': '0', 'course': '56', 'height': '0', 'sats': '8', 'hdop': 'NA', 'inputs': 'NA', 'outputs': 'NA', 'adc': 'NA', 'ibutton': 'NA', 'params': [['205', '1', '17922912683403'], ['51', '1', '3823763697'], ['26547', '1', '2471886848'], ['239', '1', '1'], ['6362', '1', '262343'], ['52824', '1', '563216918230137'], ['41472', '1', '253609890319229794']]}], 'SD': [], 'B': [], 'M': [], 'I': []}}
{'359633109072822': {'D': [{'date': '201221', 'time': '122148', 'lat1': '6729.8794', 'lat2': 'N', 'lon1': '06342.0865', 'lon2': 'E', 'speed': '0', 'course': '37', 'height': '205', 'sats': '22', 'hdop': 'NA', 'inputs': 'NA', 'outputs': 'NA', 'adc': 'NA', 'ibutton': 'NA', 'params': [['151', '1', '36'], ['150', '1', '13'], ['153', '1', '0'], ['152', '1', '10832'], ['200', '1', '0'], ['67', '1', '9720'], ['238', '1', '64477'], ['239', '1', '1'], ['66', '1', '23549'], ['178', '1', '1'], ['68', '1', '0'], ['236', '1', '65461'], ['237', '1', '65490'], ['24', '1', '0'], ['21', '1', '5'], ['22', '1', '0'], ['182', '2', '0.5'], ['181', '2', '0.9'], ['146', '1', '5553'], ['147', '1', '12270'], ['144', '1', '1'], ['145', '1', '5955'], ['206', '1', '1513'], ['148', '1', '12687'], ['149', '1', '6534'], ['380', '1', '1'], ['383', '1', '26'], ['384', '1', '27'], ['240', '1', '0'], ['71', '1', '3'], ['70', '2', '30.8'], ['72', '2', '6549.5']]}], 'SD': [], 'B': [], 'M': [], 'I': []}, '359633107878535': {'D': [{'date': '201221', 'time': '122107', 'lat1': '6729.8976', 'lat2': 'N', 'lon1': '06342.1000', 'lon2': 'E', 'speed': '0', 'course': '347', 'height': '210', 'sats': '21', 'hdop': 'NA', 'inputs': 'NA', 'outputs': 'NA', 'adc': 'NA', 'ibutton': 'NA', 'params': [['151', '1', '44'], ['150', '1', '1'], ['153', '1', '8'], ['152', '1', '10611'], ['200', '1', '0'], ['67', '1', '10105'], ['238', '1', '64503'], ['239', '1', '1'], ['66', '1', '23461'], ['178', '1', '1'], ['68', '1', '49'], ['236', '1', '65483'], ['237', '1', '65515'], ['24', '1', '0'], ['21', '1', '5'], ['22', '1', '1'], ['182', '2', '0.5'], ['181', '2', '1.1'], ['146', '1', '6163'], ['147', '1', '12135'], ['144', '1', '1'], ['145', '1', '5918'], ['206', '1', '1513'], ['148', '1', '0'], ['149', '1', '6383'], ['380', '1', '1'], ['383', '1', '29'], ['384', '1', '26'], ['240', '1', '1'], ['71', '1', '3'], ['70', '2', '33.1'], ['72', '2', '6551.5']]}], 'SD': [], 'B': [], 'M': [], 'I': []}}
{'359633109072822': {'D': [{'date': '121121', 'time': '041242', 'lat1': '3834.6626', 'lat2': 'S', 'lon1': '11223.8492', 'lon2': 'W', 'speed': '0', 'course': '56', 'height': '0', 'sats': '11', 'hdop': 'NA', 'inputs': 'NA', 'outputs': 'NA', 'adc': 'NA', 'ibutton': 'NA', 'params': [['1024', '1', '199'], ['205', '1', '0'], ['10298', '1', '0'], ['37716', '1', '0'], ['4173', '1', '216'], ['41472', '1', '803'], ['218', '1', '0'], ['2856', '1', '59'], ['6521', '1', '0'], ['2', '1', '62'], ['23040', '1', '241'], ['7', '2', '9.3'], ['58210', '1', '26547'], ['10446', '1', '51577'], ['1415', '1', '13282'], ['239', '1', '1']]}, {'date': '201221', 'time': '122248', 'lat1': '6729.8794', 'lat2': 'N', 'lon1': '06342.0865', 'lon2': 'E', 'speed': '0', 'course': '37', 'height': '205', 'sats': '21', 'hdop': 'NA', 'inputs': 'NA', 'outputs': 'NA', 'adc': 'NA', 'ibutton': 'NA', 'params': [['151', '1', '36'], ['150', '1', '11'], ['153', '1', '0'], ['152', '1', '10819'], ['200', '1', '0'], ['67', '1', '9706'], ['238', '1', '64514'], ['239', '1', '1'], ['66', '1', '23553'], ['178', '1', '1'], ['68', '1', '0'], ['236', '1', '65443'], ['237', '1', '65423'], ['24', '1', '0'], ['21', '1', '5'], ['22', '1', '0'], ['182', '2', '0.5'], ['181', '2', '1.2'], ['146', '1', '5553'], ['147', '1', '12268'], ['144', '1', '1'], ['145', '1', '5954'], ['206', '1', '1513'], ['148', '1', '12679'], ['149', '1', '6563'], ['380', '1', '1'], ['383', '1', '26'], ['384', '1', '28'], ['240', '1', '0'], ['71', '1', '3'], ['70', '2', '30.7'], ['72', '2', '6549.6']]}], 'SD': [], 'B': [], 'M': [], 'I': []}, '359633107878535': {'D': [{'date': '201221', 'time': '122137', 'lat1': '6729.8976', 'lat2': 'N', 'lon1': '06342.1000', 'lon2': 'E', 'speed': '0', 'course': '347', 'height': '210', 'sats': '21', 'hdop': 'NA', 'inputs': 'NA', 'outputs': 'NA', 'adc': 'NA', 'ibutton': 'NA', 'params': [['151', '1', '46'], ['150', '1', '1'], ['153', '1', '8'], ['152', '1', '10690'], ['200', '1', '0'], ['67', '1', '9931'], ['238', '1', '64529'], ['239', '1', '1'], ['66', '1', '23477'], ['178', '1', '1'], ['68', '1', '0'], ['236', '1', '65405'], ['237', '1', '36'], ['24', '1', '0'], ['21', '1', '5'], ['22', '1', '1'], ['182', '2', '0.5'], ['181', '2', '1.1'], ['146', '1', '6163'], ['147', '1', '12137'], ['144', '1', '1'], ['145', '1', '5918'], ['206', '1', '1513'], ['148', '1', '0'], ['149', '1', '6396'], ['380', '1', '1'], ['383', '1', '29'], ['384', '1', '26'], ['240', '1', '1'], ['71', '1', '3'], ['70', '2', '33.0'], ['72', '2', '6551.6']]}, {'date': '201221', 'time': '122137', 'lat1': '6729.8976', 'lat2': 'N', 'lon1': '06342.1000', 'lon2': 'E', 'speed': '0', 'course': '347', 'height': '210', 'sats': '21', 'hdop': 'NA', 'inputs': 'NA', 'outputs': 'NA', 'adc': 'NA', 'ibutton': 'NA', 'params': [['10321', '1', '0'], ['10320', '1', '1'], ['10323', '1', '0'], ['10322', '1', '0'], ['10325', '1', '2942'], ['10324', '1', '0'], ['10309', '1', '10759'], ['10308', '1', '10433'], ['10307', '1', '8'], ['10306', '1', '49'], ['10305', '1', '41'], ['10304', '1', '3'], ['10303', '1', '3'], ['10302', '1', '0'], ['10301', '1', '40'], ['10300', '1', '6418'], ['239', '1', '1'], ['10343', '1', '159'], ['10342', '1', '2'], ['10341', '1', '0'], ['10340', '1', '23'], ['10347', '1', '1'], ['10346', '1', '0'], ['10344', '1', '1'], ['10327', '1', '235'], ['10333', '1', '1'], ['10326', '1', '32'], ['10329', '1', '1'], ['10328', '1', '239'], ['10338', '1', '84'], ['10318', '1', '1'], ['10319', '1', '1'], ['10330', '1', '141'], ['10331', '1', '1'], ['10336', '1', '2'], ['10337', '1', '1'], ['10334', '1', '1'], ['10335', '1', '1'], ['10310', '1', '315'], ['10311', '1', '8'], ['10312', '1', '10'], ['10313', '1', '2'], ['10314', '1', '0'], ['10315', '1', '0'], ['10316', '1', '0'], ['10317', '1', '0'], ['10339', '1', '215'], ['10332', '1', '1']]}, {'date': '201221', 'time': '122207', 'lat1': '6729.8976', 'lat2': 'N', 'lon1': '06342.1000', 'lon2': 'E', 'speed': '0', 'course': '347', 'height': '210', 'sats': '20', 'hdop': 'NA', 'inputs': 'NA', 'outputs': 'NA', 'adc': 'NA', 'ibutton': 'NA', 'params': [['151', '1', '46'], ['150', '1', '0'], ['153', '1', '8'], ['152', '1', '10566'], ['200', '1', '0'], ['67', '1', '9887'], ['238', '1', '64527'], ['239', '1', '1'], ['66', '1', '23487'], ['178', '1', '1'], ['68', '1', '0'], ['236', '1', '65458'], ['237', '1', '65528'], ['24', '1', '0'], ['21', '1', '5'], ['22', '1', '1'], ['182', '2', '0.5'], ['181', '2', '0.9'], ['146', '1', '6162'], ['147', '1', '12137'], ['144', '1', '1'], ['145', '1', '5918'], ['206', '1', '1513'], ['148', '1', '0'], ['149', '1', '6391'], ['380', '1', '1'], ['383', '1', '29'], ['384', '1', '26'], ['240', '1', '1'], ['71', '1', '3'], ['70', '2', '33.2'], ['72', '2', '6551.5']]}], 'SD': [], 'B': [], 'M': [], 'I': []}}
{'359633109072822': {'D': [{'date': '201221', 'time': '122318', 'lat1': '6729.8794', 'lat2': 'N', 'lon1': '06342.0865', 'lon2': 'E', 'speed': '0', 'course': '37', 'height': '205', 'sats': '22', 'hdop': 'NA', 'inputs': 'NA', 'outputs': 'NA', 'adc': 'NA', 'ibutton': 'NA', 'params': [['151', '1', '34'], ['150', '1', '13'], ['153', '1', '0'], ['152', '1', '10848'], ['200', '1', '0'], ['67', '1', '9708'], ['238', '1', '64500'], ['239', '1', '1'], ['66', '1', '23552'], ['178', '1', '1'], ['68', '1', '0'], ['236', '1', '65453'], ['237', '1', '65456'], ['24', '1', '0'], ['21', '1', '5'], ['22', '1', '1'], ['182', '2', '0.5'], ['181', '2', '1.2'], ['146', '1', '5553'], ['147', '1', '12273'], ['144', '1', '1'], ['145', '1', '5953'], ['206', '1', '1513'], ['148', '1', '12685'], ['149', '1', '6568'], ['380', '1', '1'], ['383', '1', '26'], ['384', '1', '28'], ['240', '1', '1'], ['71', '1', '3'], ['70', '2', '30.6'], ['72', '2', '6549.6']]}, {'date': '121121', 'time': '041137', 'lat1': '3834.6626', 'lat2': 'S', 'lon1': '11223.8492', 'lon2': 'W', 'speed': '0', 'course': '56', 'height': '0', 'sats': '8', 'hdop': 'NA', 'inputs': 'NA', 'outputs': 'NA', 'adc': 'NA', 'ibutton': 'NA', 'params': [['1024', '1', '199'], ['205', '1', '0'], ['10298', '1', '0'], ['37716', '1', '0'], ['4173', '1', '216'], ['41472', '1', '803'], ['218', '1', '0'], ['2856', '1', '59'], ['6523', '1', '0'], ['2', '1', '62'], ['23040', '1', '241'], ['7', '2', '9.3'], ['58210', '1', '26547'], ['10446', '1', '51577'], ['1415', '1', '13282'], ['239', '1', '1']]}, {'date': '201221', 'time': '122348', 'lat1': '6729.8794', 'lat2': 'N', 'lon1': '06342.0865', 'lon2': 'E', 'speed': '0', 'course': '37', 'height': '205', 'sats': '20', 'hdop': 'NA', 'inputs': 'NA', 'outputs': 'NA', 'adc': 'NA', 'ibutton': 'NA', 'params': [['151', '1', '34'], ['150', '1', '13'], ['153', '1', '0'], ['152', '1', '10903'], ['200', '1', '0'], ['67', '1', '9696'], ['238', '1', '64508'], ['239', '1', '1'], ['66', '1', '23548'], ['178', '1', '1'], ['68', '1', '0'], ['236', '1', '65496'], ['237', '1', '65460'], ['24', '1', '0'], ['21', '1', '5'], ['22', '1', '1'], ['182', '2', '0.6'], ['181', '2', '1.2'], ['146', '1', '5553'], ['147', '1', '12270'], ['144', '1', '1'], ['145', '1', '5953'], ['206', '1', '1513'], ['148', '1', '12685'], ['149', '1', '6531'], ['380', '1', '1'], ['383', '1', '26'], ['384', '1', '28'], ['240', '1', '1'], ['71', '1', '3'], ['70', '2', '30.6'], ['72', '2', '6549.6']]}], 'SD': [], 'B': [], 'M': [], 'I': []}, '359633107878535': {'D': [{'date': '121121', 'time': '033851', 'lat1': '0000.0000', 'lat2': 'N', 'lon1': '17107.0645', 'lon2': 'W', 'speed': '0', 'course': '56', 'height': '0', 'sats': '8', 'hdop': 'NA', 'inputs': 'NA', 'outputs': 'NA', 'adc': 'NA', 'ibutton': 'NA', 'params': [['205', '1', '17922912683403'], ['51', '1', '3823763697'], ['26547', '1', '2471886848'], ['239', '1', '1'], ['6370', '1', '262343'], ['52824', '1', '563216918230137'], ['41472', '1', '253609890319229794']]}, {'date': '121121', 'time': '033851', 'lat1': '0000.0000', 'lat2': 'N', 'lon1': '17107.0645', 'lon2': 'W', 'speed': '0', 'course': '56', 'height': '0', 'sats': '8', 'hdop': 'NA', 'inputs': 'NA', 'outputs': 'NA', 'adc': 'NA', 'ibutton': 'NA', 'params': [['205', '1', '17922912683403'], ['51', '1', '3823763697'], ['26547', '1', '2471886848'], ['239', '1', '1'], ['6362', '1', '262343'], ['52824', '1', '563216918230137'], ['41472', '1', '253609890319229794']]}], 'SD': [], 'B': [], 'M': [], 'I': []}}
{'359633109072822': {'D': [{'date': '201221', 'time': '122418', 'lat1': '6729.8794', 'lat2': 'N', 'lon1': '06342.0865', 'lon2': 'E', 'speed': '0', 'course': '37', 'height': '205', 'sats': '22', 'hdop': 'NA', 'inputs': 'NA', 'outputs': 'NA', 'adc': 'NA', 'ibutton': 'NA', 'params': [['151', '1', '36'], ['150', '1', '13'], ['153', '1', '0'], ['152', '1', '10855'], ['200', '1', '0'], ['67', '1', '9695'], ['238', '1', '64506'], ['239', '1', '1'], ['66', '1', '23564'], ['178', '1', '1'], ['68', '1', '0'], ['236', '1', '65435'], ['237', '1', '65440'], ['24', '1', '0'], ['21', '1', '5'], ['22', '1', '1'], ['182', '2', '0.5'], ['181', '2', '1.2'], ['146', '1', '5552'], ['147', '1', '12276'], ['144', '1', '1'], ['145', '1', '5952'], ['206', '1', '1513'], ['148', '1', '12682'], ['149', '1', '6582'], ['380', '1', '1'], ['383', '1', '26'], ['384', '1', '28'], ['240', '1', '1'], ['71', '1', '3'], ['70', '2', '30.8'], ['72', '2', '6549.6']]}, {'date': '201221', 'time': '122448', 'lat1': '6729.8794', 'lat2': 'N', 'lon1': '06342.0865', 'lon2': 'E', 'speed': '0', 'course': '37', 'height': '205', 'sats': '21', 'hdop': 'NA', 'inputs': 'NA', 'outputs': 'NA', 'adc': 'NA', 'ibutton': 'NA', 'params': [['151', '1', '36'], ['150', '1', '13'], ['153', '1', '0'], ['152', '1', '10811'], ['200', '1', '0'], ['67', '1', '9701'], ['238', '1', '64518'], ['239', '1', '1'], ['66', '1', '23551'], ['178', '1', '1'], ['68', '1', '0'], ['236', '1', '65397'], ['237', '1', '65435'], ['24', '1', '0'], ['21', '1', '5'], ['22', '1', '1'], ['182', '2', '0.5'], ['181', '2', '1.2'], ['146', '1', '5552'], ['147', '1', '12276'], ['144', '1', '1'], ['145', '1', '5952'], ['206', '1', '1513'], ['148', '1', '12687'], ['149', '1', '6550'], ['380', '1', '1'], ['383', '1', '26'], ['384', '1', '28'], ['240', '1', '1'], ['71', '1', '3'], ['70', '2', '30.7'], ['72', '2', '6549.6']]}], 'SD': [], 'B': [], 'M': [], 'I': []}, '359633107878535': {'D': [{'date': '201221', 'time': '122337', 'lat1': '6729.8976', 'lat2': 'N', 'lon1': '06342.1000', 'lon2': 'E', 'speed': '0', 'course': '347', 'height': '210', 'sats': '21', 'hdop': 'NA', 'inputs': 'NA', 'outputs': 'NA', 'adc': 'NA', 'ibutton': 'NA', 'params': [['151', '1', '44'], ['150', '1', '0'], ['153', '1', '8'], ['152', '1', '10690'], ['200', '1', '0'], ['67', '1', '9839'], ['238', '1', '64514'], ['239', '1', '1'], ['66', '1', '23487'], ['178', '1', '1'], ['68', '1', '0'], ['236', '1', '65486'], ['237', '1', '33'], ['24', '1', '0'], ['21', '1', '5'], ['22', '1', '1'], ['182', '2', '0.5'], ['181', '2', '0.8'], ['146', '1', '6162'], ['147', '1', '12143'], ['144', '1', '1'], ['145', '1', '5917'], ['206', '1', '1513'], ['148', '1', '0'], ['149', '1', '6383'], ['380', '1', '1'], ['383', '1', '29'], ['384', '1', '26'], ['240', '1', '1'], ['71', '1', '3'], ['70', '2', '33.2'], ['72', '2', '6551.4']]}, {'date': '201221', 'time': '122337', 'lat1': '6729.8976', 'lat2': 'N', 'lon1': '06342.1000', 'lon2': 'E', 'speed': '0', 'course': '347', 'height': '210', 'sats': '21', 'hdop': 'NA', 'inputs': 'NA', 'outputs': 'NA', 'adc': 'NA', 'ibutton': 'NA', 'params': [['10321', '1', '0'], ['10320', '1', '1'], ['10323', '1', '0'], ['10322', '1', '0'], ['10325', '1', '9342'], ['10324', '1', '0'], ['10309', '1', '10767'], ['10308', '1', '10420'], ['10307', '1', '8'], ['10306', '1', '49'], ['10305', '1', '41'], ['10304', '1', '3'], ['10303', '1', '3'], ['10302', '1', '0'], ['10301', '1', '40'], ['10300', '1', '6420'], ['239', '1', '1'], ['10343', '1', '157'], ['10342', '1', '2'], ['10341', '1', '0'], ['10340', '1', '24'], ['10347', '1', '1'], ['10346', '1', '0'], ['10344', '1', '1'], ['10327', '1', '235'], ['10333', '1', '1'], ['10326', '1', '32'], ['10329', '1', '1'], ['10328', '1', '239'], ['10338', '1', '84'], ['10318', '1', '1'], ['10319', '1', '1'], ['10330', '1', '141'], ['10331', '1', '1'], ['10336', '1', '2'], ['10337', '1', '1'], ['10334', '1', '1'], ['10335', '1', '1'], ['10310', '1', '331'], ['10311', '1', '8'], ['10312', '1', '10'], ['10313', '1', '2'], ['10314', '1', '0'], ['10315', '1', '0'], ['10316', '1', '0'], ['10317', '1', '0'], ['10339', '1', '215'], ['10332', '1', '1']]}, {'date': '201221', 'time': '122407', 'lat1': '6729.8976', 'lat2': 'N', 'lon1': '06342.1000', 'lon2': 'E', 'speed': '0', 'course': '347', 'height': '210', 'sats': '19', 'hdop': 'NA', 'inputs': 'NA', 'outputs': 'NA', 'adc': 'NA', 'ibutton': 'NA', 'params': [['151', '1', '46'], ['150', '1', '0'], ['153', '1', '8'], ['152', '1', '10449'], ['200', '1', '0'], ['67', '1', '9826'], ['238', '1', '64520'], ['239', '1', '1'], ['66', '1', '23483'], ['178', '1', '1'], ['68', '1', '0'], ['236', '1', '65424'], ['237', '1', '31'], ['24', '1', '0'], ['21', '1', '5'], ['22', '1', '1'], ['182', '2', '0.5'], ['181', '2', '0.9'], ['146', '1', '6162'], ['147', '1', '12143'], ['144', '1', '1'], ['145', '1', '5917'], ['206', '1', '1513'], ['148', '1', '0'], ['149', '1', '6386'], ['380', '1', '1'], ['383', '1', '29'], ['384', '1', '26'], ['240', '1', '1'], ['71', '1', '3'], ['70', '2', '33.1'], ['72', '2', '6551.5']]}, {'date': '201221', 'time': '122437', 'lat1': '6729.8976', 'lat2': 'N', 'lon1': '06342.1000', 'lon2': 'E', 'speed': '0', 'course': '347', 'height': '210', 'sats': '21', 'hdop': 'NA', 'inputs': 'NA', 'outputs': 'NA', 'adc': 'NA', 'ibutton': 'NA', 'params': [['151', '1', '44'], ['150', '1', '1'], ['153', '1', '8'], ['152', '1', '10717'], ['200', '1', '0'], ['67', '1', '9815'], ['238', '1', '64516'], ['239', '1', '1'], ['66', '1', '23488'], ['178', '1', '1'], ['68', '1', '0'], ['236', '1', '65451'], ['237', '1', '34'], ['24', '1', '0'], ['21', '1', '5'], ['22', '1', '1'], ['182', '2', '0.5'], ['181', '2', '0.8'], ['146', '1', '6162'], ['147', '1', '12145'], ['144', '1', '1'], ['145', '1', '5917'], ['206', '1', '1513'], ['148', '1', '0'], ['149', '1', '6394'], ['380', '1', '1'], ['383', '1', '29'], ['384', '1', '26'], ['240', '1', '1'], ['71', '1', '3'], ['70', '2', '33.2'], ['72', '2', '6551.5']]}], 'SD': [], 'B': [], 'M': [], 'I': []}}
{'359633109072822': {'D': [{'date': '201221', 'time': '122518', 'lat1': '6729.8794', 'lat2': 'N', 'lon1': '06342.0865', 'lon2': 'E', 'speed': '0', 'course': '37', 'height': '205', 'sats': '21', 'hdop': 'NA', 'inputs': 'NA', 'outputs': 'NA', 'adc': 'NA', 'ibutton': 'NA', 'params': [['151', '1', '36'], ['150', '1', '11'], ['153', '1', '0'], ['152', '1', '10861'], ['200', '1', '0'], ['67', '1', '9695'], ['238', '1', '64499'], ['239', '1', '1'], ['66', '1', '23558'], ['178', '1', '1'], ['68', '1', '0'], ['236', '1', '65499'], ['237', '1', '65475'], ['24', '1', '0'], ['21', '1', '5'], ['22', '1', '1'], ['182', '2', '0.5'], ['181', '2', '1.2'], ['146', '1', '5552'], ['147', '1', '12273'], ['144', '1', '1'], ['145', '1', '5952'], ['206', '1', '1513'], ['148', '1', '12682'], ['149', '1', '6542'], ['380', '1', '1'], ['383', '1', '26'], ['384', '1', '28'], ['240', '1', '1'], ['71', '1', '3'], ['70', '2', '30.6'], ['72', '2', '6549.6']]}, {'date': '121121', 'time': '041031', 'lat1': '3332.6727', 'lat2': 'S', 'lon1': '11545.1758', 'lon2': 'W', 'speed': '0', 'course': '56', 'height': '0', 'sats': '8', 'hdop': 'NA', 'inputs': 'NA', 'outputs': 'NA', 'adc': 'NA', 'ibutton': 'NA', 'params': [['1024', '1', '199'], ['2088', '1', '59'], ['205', '1', '0'], ['10298', '1', '0'], ['37716', '1', '0'], ['4173', '1', '216'], ['218', '1', '0'], ['41472', '1', '803'], ['2', '1', '62'], ['23040', '1', '241'], ['7', '2', '9.3'], ['58210', '1', '26547'], ['10446', '1', '51577'], ['6486', '1', '0'], ['1415', '1', '13282'], ['239', '1', '1']]}], 'SD': [], 'B': [], 'M': [], 'I': []}, '359633107878535': {'D': [{'date': '201221', 'time': '122507', 'lat1': '6729.8976', 'lat2': 'N', 'lon1': '06342.1000', 'lon2': 'E', 'speed': '0', 'course': '347', 'height': '210', 'sats': '20', 'hdop': 'NA', 'inputs': 'NA', 'outputs': 'NA', 'adc': 'NA', 'ibutton': 'NA', 'params': [['151', '1', '44'], ['150', '1', '0'], ['153', '1', '8'], ['152', '1', '10523'], ['200', '1', '0'], ['67', '1', '9805'], ['238', '1', '64528'], ['239', '1', '1'], ['66', '1', '23488'], ['178', '1', '1'], ['68', '1', '0'], ['236', '1', '65446'], ['237', '1', '65528'], ['24', '1', '0'], ['21', '1', '5'], ['22', '1', '1'], ['182', '2', '0.5'], ['181', '2', '0.9'], ['146', '1', '6162'], ['147', '1', '12143'], ['144', '1', '1'], ['145', '1', '5917'], ['206', '1', '1513'], ['148', '1', '0'], ['149', '1', '6386'], ['380', '1', '1'], ['383', '1', '29'], ['384', '1', '26'], ['240', '1', '1'], ['71', '1', '3'], ['70', '2', '33.0'], ['72', '2', '6551.5']]}, {'date': '201221', 'time': '122507', 'lat1': '6729.8976', 'lat2': 'N', 'lon1': '06342.1000', 'lon2': 'E', 'speed': '0', 'course': '347', 'height': '210', 'sats': '20', 'hdop': 'NA', 'inputs': 'NA', 'outputs': 'NA', 'adc': 'NA', 'ibutton': 'NA', 'params': [['10321', '1', '0'], ['10320', '1', '1'], ['10323', '1', '0'], ['10322', '1', '0'], ['10325', '1', '13950'], ['10324', '1', '0'], ['10309', '1', '10788'], ['10308', '1', '10428'], ['10307', '1', '8'], ['10306', '1', '52'], ['10305', '1', '41'], ['10304', '1', '3'], ['10303', '1', '3'], ['10302', '1', '0'], ['10301', '1', '50'], ['10300', '1', '6420'], ['239', '1', '1'], ['10343', '1', '159'], ['10342', '1', '2'], ['10341', '1', '1'], ['10340', '1', '23'], ['10347', '1', '1'], ['10346', '1', '0'], ['10344', '1', '1'], ['10327', '1', '235'], ['10333', '1', '1'], ['10326', '1', '32'], ['10329', '1', '1'], ['10328', '1', '239'], ['10338', '1', '85'], ['10318', '1', '1'], ['10319', '1', '1'], ['10330', '1', '141'], ['10331', '1', '1'], ['10336', '1', '2'], ['10337', '1', '1'], ['10334', '1', '1'], ['10335', '1', '1'], ['10310', '1', '328'], ['10311', '1', '8'], ['10312', '1', '10'], ['10313', '1', '2'], ['10314', '1', '0'], ['10315', '1', '0'], ['10316', '1', '0'], ['10317', '1', '0'], ['10339', '1', '215'], ['10332', '1', '1']]}, {'date': '201221', 'time': '122537', 'lat1': '6729.8976', 'lat2': 'N', 'lon1': '06342.1000', 'lon2': 'E', 'speed': '0', 'course': '347', 'height': '210', 'sats': '20', 'hdop': 'NA', 'inputs': 'NA', 'outputs': 'NA', 'adc': 'NA', 'ibutton': 'NA', 'params': [['151', '1', '44'], ['150', '1', '0'], ['153', '1', '8'], ['152', '1', '10473'], ['200', '1', '0'], ['67', '1', '9794'], ['238', '1', '64511'], ['239', '1', '1'], ['66', '1', '23481'], ['178', '1', '1'], ['68', '1', '0'], ['236', '1', '65458'], ['237', '1', '18'], ['24', '1', '0'], ['21', '1', '5'], ['22', '1', '1'], ['182', '2', '0.5'], ['181', '2', '0.9'], ['146', '1', '6162'], ['147', '1', '12143'], ['144', '1', '1'], ['145', '1', '5917'], ['206', '1', '1513'], ['148', '1', '0'], ['149', '1', '6399'], ['380', '1', '1'], ['383', '1', '29'], ['384', '1', '26'], ['240', '1', '1'], ['71', '1', '3'], ['70', '2', '33.1'], ['72', '2', '6551.3']]}], 'SD': [], 'B': [], 'M': [], 'I': []}}
{'359633109072822': {'D': [{'date': '201221', 'time': '122648', 'lat1': '6729.8794', 'lat2': 'N', 'lon1': '06342.0865', 'lon2': 'E', 'speed': '0', 'course': '37', 'height': '205', 'sats': '22', 'hdop': 'NA', 'inputs': 'NA', 'outputs': 'NA', 'adc': 'NA', 'ibutton': 'NA', 'params': [['151', '1', '31'], ['150', '1', '11'], ['153', '1', '0'], ['152', '1', '10884'], ['200', '1', '0'], ['67', '1', '9692'], ['238', '1', '64466'], ['239', '1', '1'], ['66', '1', '23564'], ['178', '1', '1'], ['68', '1', '0'], ['236', '1', '65431'], ['237', '1', '65469'], ['24', '1', '0'], ['21', '1', '5'], ['22', '1', '1'], ['182', '2', '0.5'], ['181', '2', '1.2'], ['146', '1', '5551'], ['147', '1', '12278'], ['144', '1', '1'], ['145', '1', '5951'], ['206', '1', '1513'], ['148', '1', '12685'], ['149', '1', '6486'], ['380', '1', '1'], ['383', '1', '26'], ['384', '1', '28'], ['240', '1', '1'], ['71', '1', '3'], ['70', '2', '30.7'], ['72', '2', '6549.6']]}], 'SD': [], 'B': [], 'M': [], 'I': []}, '359633107878535': {'D': [{'date': '201221', 'time': '122607', 'lat1': '6729.8976', 'lat2': 'N', 'lon1': '06342.1000', 'lon2': 'E', 'speed': '0', 'course': '347', 'height': '210', 'sats': '20', 'hdop': 'NA', 'inputs': 'NA', 'outputs': 'NA', 'adc': 'NA', 'ibutton': 'NA', 'params': [['151', '1', '44'], ['150', '1', '1'], ['153', '1', '8'], ['152', '1', '10579'], ['200', '1', '0'], ['67', '1', '9784'], ['238', '1', '64512'], ['239', '1', '1'], ['66', '1', '23475'], ['178', '1', '1'], ['68', '1', '0'], ['236', '1', '65529'], ['237', '1', '35'], ['24', '1', '0'], ['21', '1', '5'], ['22', '1', '1'], ['182', '2', '0.5'], ['181', '2', '0.9'], ['146', '1', '6162'], ['147', '1', '12143'], ['144', '1', '1'], ['145', '1', '5917'], ['206', '1', '1513'], ['148', '1', '0'], ['149', '1', '6386'], ['380', '1', '1'], ['383', '1', '29'], ['384', '1', '26'], ['240', '1', '1'], ['71', '1', '3'], ['70', '2', '33.1'], ['72', '2', '6551.5']]}], 'SD': [], 'B': [], 'M': [], 'I': []}}
